<html>
<body>
<pre>
<h1>µVision Build Log</h1>
<h2>Tool Versions:</h2>
IDE-Version: ¦ÌVision V5.25.2.0
Copyright (C) 2018 ARM Ltd and ARM Germany GmbH. All rights reserved.
License Information: 1 Sky123.Org, Sky123.Org, LIC=----
 
Tool Versions:
Toolchain:       MDK-Lite  Version: 5.25.2.0
Toolchain Path:  D:\Keil_v5\ARM\ARMCC\Bin
C Compiler:      Armcc.exe V5.06 update 6 (build 750)
Assembler:       Armasm.exe V5.06 update 6 (build 750)
Linker/Locator:  ArmLink.exe V5.06 update 6 (build 750)
Library Manager: ArmAr.exe V5.06 update 6 (build 750)
Hex Converter:   FromElf.exe V5.06 update 6 (build 750)
CPU DLL:         SARMCM3.DLL V5.25.2.0
Dialog DLL:      DARMCM1.DLL V1.19.1.0
Target DLL:      STLink\ST-LINKIII-KEIL_SWO.dll V3.0.1.0
Dialog DLL:      TARMCM1.DLL V1.14.0.0
 
<h2>Project:</h2>
F:\mk\motor_test\MDK-ARM\motor_test.uvprojx
Project File Date:  07/26/2018

<h2>Output:</h2>
*** Using Compiler 'V5.06 update 6 (build 750)', folder: 'D:\Keil_v5\ARM\ARMCC\Bin'
Rebuild target 'motor_test'
assembling startup_stm32f072xb.s...
compiling stm32f0xx_hal_msp.c...
compiling stm32f0xx_it.c...
compiling usbd_cdc_if.c...
../Src/usbd_cdc_if.c(190): warning:  #167-D: argument of type "char *" is incompatible with parameter of type "uint8_t *"
    USBD_CDC_SetTxBuffer(&hUsbDeviceFS, transmit_buffer, 0);
../Src/usbd_cdc_if.c(191): warning:  #167-D: argument of type "char *" is incompatible with parameter of type "uint8_t *"
    USBD_CDC_SetRxBuffer(&hUsbDeviceFS, receive_buffer);
../Src/usbd_cdc_if.c(299): warning:  #167-D: argument of type "char *" is incompatible with parameter of type "uint8_t *"
    USBD_CDC_SetRxBuffer(&hUsbDeviceFS, &receive_buffer[0]);
../Src/usbd_cdc_if.c(301): warning:  #223-D: function "Process_USB_Data" declared implicitly
    Process_USB_Data();
../Src/usbd_cdc_if.c: 4 warnings, 0 errors
compiling usb_device.c...
compiling main.c...
../Src/main.c(96): warning:  #167-D: argument of type "char *" is incompatible with parameter of type "uint8_t *"
  			cparabn(receive_buffer, temp_buf, 3, 1, 0);
../Src/main.c(99): warning:  #223-D: function "CDC_Transmit_FS" declared implicitly
  			CDC_Transmit_FS(transmit_buffer, TRANSMIT_DATA_LENGTH);
../Src/main.c: 2 warnings, 0 errors
compiling usbd_desc.c...
compiling usbd_conf.c...
compiling stm32f0xx_hal_i2c_ex.c...
compiling stm32f0xx_hal_pwr_ex.c...
compiling stm32f0xx_hal_cortex.c...
compiling stm32f0xx_ll_gpio.c...
compiling stm32f0xx_hal_tim_ex.c...
compiling stm32f0xx_hal_rcc.c...
compiling stm32f0xx_ll_exti.c...
compiling stm32f0xx_hal_rcc_ex.c...
compiling stm32f0xx_hal_flash.c...
compiling stm32f0xx_hal_i2c.c...
compiling stm32f0xx_ll_tim.c...
compiling stm32f0xx_hal_pcd.c...
compiling stm32f0xx_hal_pwr.c...
compiling stm32f0xx_hal.c...
compiling stm32f0xx_hal_gpio.c...
compiling stm32f0xx_hal_dma.c...
compiling stm32f0xx_ll_dma.c...
compiling stm32f0xx_ll_utils.c...
compiling stm32f0xx_hal_pcd_ex.c...
compiling stm32f0xx_hal_tim.c...
compiling stm32f0xx_hal_flash_ex.c...
compiling usbd_ioreq.c...
compiling usbd_cdc.c...
compiling usbd_ctlreq.c...
compiling usbd_core.c...
compiling system_stm32f0xx.c...
linking...
Program Size: Code=9946 RO-data=374 RW-data=4460 ZI-data=3684  
"motor_test\motor_test.axf" - 0 Error(s), 6 Warning(s).

<h2>Software Packages used:</h2>

Package Vendor: ARM
                http://www.keil.com/pack/ARM.CMSIS.5.3.0.pack
                ARM.CMSIS.5.3.0
                CMSIS (Cortex Microcontroller Software Interface Standard)
   * Component: CORE Version: 5.1.1

Package Vendor: Keil
                http://www.keil.com/pack/Keil.STM32F0xx_DFP.2.0.0.pack
                Keil.STM32F0xx_DFP.2.0.0
                STMicroelectronics STM32F0 Series Device Support, Drivers and Examples

<h2>Collection of Component include folders:</h2>
  .\RTE\_motor_test
  D:\Keil_v5\ARM\PACK\ARM\CMSIS\5.3.0\CMSIS\Include
  D:\Keil_v5\ARM\PACK\Keil\STM32F0xx_DFP\2.0.0\Drivers\CMSIS\Device\ST\STM32F0xx\Include

<h2>Collection of Component Files used:</h2>

   * Component: ARM::CMSIS:CORE:5.1.1
Build Time Elapsed:  00:01:27
</pre>
</body>
</html>
