Component: ARM Compiler 5.06 update 6 (build 750) Tool: armlink [4d35ed]

==============================================================================

Section Cross References

    startup_stm32f072xb.o(RESET) refers to startup_stm32f072xb.o(STACK) for __initial_sp
    startup_stm32f072xb.o(RESET) refers to startup_stm32f072xb.o(.text) for Reset_Handler
    startup_stm32f072xb.o(RESET) refers to stm32f0xx_it.o(i.NMI_Handler) for NMI_Handler
    startup_stm32f072xb.o(RESET) refers to stm32f0xx_it.o(i.HardFault_Handler) for HardFault_Handler
    startup_stm32f072xb.o(RESET) refers to stm32f0xx_it.o(i.SVC_Handler) for SVC_Handler
    startup_stm32f072xb.o(RESET) refers to stm32f0xx_it.o(i.PendSV_Handler) for PendSV_Handler
    startup_stm32f072xb.o(RESET) refers to stm32f0xx_it.o(i.SysTick_Handler) for SysTick_Handler
    startup_stm32f072xb.o(RESET) refers to stm32f0xx_it.o(i.TIM1_BRK_UP_TRG_COM_IRQHandler) for TIM1_BRK_UP_TRG_COM_IRQHandler
    startup_stm32f072xb.o(RESET) refers to stm32f0xx_it.o(i.USB_IRQHandler) for USB_IRQHandler
    startup_stm32f072xb.o(.text) refers to system_stm32f0xx.o(i.SystemInit) for SystemInit
    startup_stm32f072xb.o(.text) refers to entry.o(.ARM.Collect$$$$00000000) for __main
    usbd_cdc_if.o(i.CDC_Init_FS) refers to usbd_cdc.o(i.USBD_CDC_SetTxBuffer) for USBD_CDC_SetTxBuffer
    usbd_cdc_if.o(i.CDC_Init_FS) refers to usbd_cdc.o(i.USBD_CDC_SetRxBuffer) for USBD_CDC_SetRxBuffer
    usbd_cdc_if.o(i.CDC_Init_FS) refers to main.o(.data) for transmit_buffer
    usbd_cdc_if.o(i.CDC_Init_FS) refers to usb_device.o(.bss) for hUsbDeviceFS
    usbd_cdc_if.o(i.CDC_Receive_FS) refers to usbd_cdc.o(i.USBD_CDC_SetRxBuffer) for USBD_CDC_SetRxBuffer
    usbd_cdc_if.o(i.CDC_Receive_FS) refers to usbd_cdc.o(i.USBD_CDC_ReceivePacket) for USBD_CDC_ReceivePacket
    usbd_cdc_if.o(i.CDC_Receive_FS) refers to main.o(i.Process_USB_Data) for Process_USB_Data
    usbd_cdc_if.o(i.CDC_Receive_FS) refers to main.o(.data) for receive_buffer
    usbd_cdc_if.o(i.CDC_Receive_FS) refers to usb_device.o(.bss) for hUsbDeviceFS
    usbd_cdc_if.o(i.CDC_Transmit_FS) refers to usbd_cdc.o(i.USBD_CDC_SetTxBuffer) for USBD_CDC_SetTxBuffer
    usbd_cdc_if.o(i.CDC_Transmit_FS) refers to usbd_cdc.o(i.USBD_CDC_TransmitPacket) for USBD_CDC_TransmitPacket
    usbd_cdc_if.o(i.CDC_Transmit_FS) refers to usb_device.o(.bss) for hUsbDeviceFS
    usbd_cdc_if.o(.data) refers to usbd_cdc_if.o(i.CDC_Init_FS) for CDC_Init_FS
    usbd_cdc_if.o(.data) refers to usbd_cdc_if.o(i.CDC_DeInit_FS) for CDC_DeInit_FS
    usbd_cdc_if.o(.data) refers to usbd_cdc_if.o(i.CDC_Control_FS) for CDC_Control_FS
    usbd_cdc_if.o(.data) refers to usbd_cdc_if.o(i.CDC_Receive_FS) for CDC_Receive_FS
    stm32f0xx_it.o(i.SysTick_Handler) refers to stm32f0xx_hal.o(i.HAL_IncTick) for HAL_IncTick
    stm32f0xx_it.o(i.SysTick_Handler) refers to stm32f0xx_hal_cortex.o(i.HAL_SYSTICK_IRQHandler) for HAL_SYSTICK_IRQHandler
    stm32f0xx_it.o(i.USB_IRQHandler) refers to stm32f0xx_hal_pcd.o(i.HAL_PCD_IRQHandler) for HAL_PCD_IRQHandler
    stm32f0xx_it.o(i.USB_IRQHandler) refers to usbd_conf.o(.bss) for hpcd_USB_FS
    stm32f0xx_hal_msp.o(i.HAL_MspInit) refers to stm32f0xx_hal_cortex.o(i.HAL_NVIC_SetPriority) for HAL_NVIC_SetPriority
    usbd_desc.o(i.USBD_FS_ConfigStrDescriptor) refers to usbd_ctlreq.o(i.USBD_GetString) for USBD_GetString
    usbd_desc.o(i.USBD_FS_ConfigStrDescriptor) refers to usbd_desc.o(.bss) for .bss
    usbd_desc.o(i.USBD_FS_DeviceDescriptor) refers to usbd_desc.o(.data) for .data
    usbd_desc.o(i.USBD_FS_InterfaceStrDescriptor) refers to usbd_ctlreq.o(i.USBD_GetString) for USBD_GetString
    usbd_desc.o(i.USBD_FS_InterfaceStrDescriptor) refers to usbd_desc.o(.bss) for .bss
    usbd_desc.o(i.USBD_FS_LangIDStrDescriptor) refers to usbd_desc.o(.data) for .data
    usbd_desc.o(i.USBD_FS_ManufacturerStrDescriptor) refers to usbd_ctlreq.o(i.USBD_GetString) for USBD_GetString
    usbd_desc.o(i.USBD_FS_ManufacturerStrDescriptor) refers to usbd_desc.o(.bss) for .bss
    usbd_desc.o(i.USBD_FS_ProductStrDescriptor) refers to usbd_ctlreq.o(i.USBD_GetString) for USBD_GetString
    usbd_desc.o(i.USBD_FS_ProductStrDescriptor) refers to usbd_desc.o(.bss) for .bss
    usbd_desc.o(i.USBD_FS_SerialStrDescriptor) refers to usbd_ctlreq.o(i.USBD_GetString) for USBD_GetString
    usbd_desc.o(i.USBD_FS_SerialStrDescriptor) refers to usbd_desc.o(.bss) for .bss
    usbd_desc.o(.data) refers to usbd_desc.o(i.USBD_FS_DeviceDescriptor) for USBD_FS_DeviceDescriptor
    usbd_desc.o(.data) refers to usbd_desc.o(i.USBD_FS_LangIDStrDescriptor) for USBD_FS_LangIDStrDescriptor
    usbd_desc.o(.data) refers to usbd_desc.o(i.USBD_FS_ManufacturerStrDescriptor) for USBD_FS_ManufacturerStrDescriptor
    usbd_desc.o(.data) refers to usbd_desc.o(i.USBD_FS_ProductStrDescriptor) for USBD_FS_ProductStrDescriptor
    usbd_desc.o(.data) refers to usbd_desc.o(i.USBD_FS_SerialStrDescriptor) for USBD_FS_SerialStrDescriptor
[...]
    Removing stm32f0xx_hal_i2c.o(i.HAL_I2C_AddrCallback), (2 bytes).
    Removing stm32f0xx_hal_i2c.o(i.HAL_I2C_DeInit), (52 bytes).
    Removing stm32f0xx_hal_i2c.o(i.HAL_I2C_DisableListen_IT), (48 bytes).
    Removing stm32f0xx_hal_i2c.o(i.HAL_I2C_ER_IRQHandler), (88 bytes).
    Removing stm32f0xx_hal_i2c.o(i.HAL_I2C_EV_IRQHandler), (16 bytes).
    Removing stm32f0xx_hal_i2c.o(i.HAL_I2C_EnableListen_IT), (40 bytes).
    Removing stm32f0xx_hal_i2c.o(i.HAL_I2C_ErrorCallback), (2 bytes).
    Removing stm32f0xx_hal_i2c.o(i.HAL_I2C_GetError), (4 bytes).
    Removing stm32f0xx_hal_i2c.o(i.HAL_I2C_GetMode), (6 bytes).
    Removing stm32f0xx_hal_i2c.o(i.HAL_I2C_GetState), (6 bytes).
    Removing stm32f0xx_hal_i2c.o(i.HAL_I2C_Init), (180 bytes).
    Removing stm32f0xx_hal_i2c.o(i.HAL_I2C_IsDeviceReady), (284 bytes).
    Removing stm32f0xx_hal_i2c.o(i.HAL_I2C_ListenCpltCallback), (2 bytes).
    Removing stm32f0xx_hal_i2c.o(i.HAL_I2C_MasterRxCpltCallback), (2 bytes).
    Removing stm32f0xx_hal_i2c.o(i.HAL_I2C_MasterTxCpltCallback), (2 bytes).
    Removing stm32f0xx_hal_i2c.o(i.HAL_I2C_Master_Abort_IT), (88 bytes).
    Removing stm32f0xx_hal_i2c.o(i.HAL_I2C_Master_Receive), (280 bytes).
    Removing stm32f0xx_hal_i2c.o(i.HAL_I2C_Master_Receive_DMA), (236 bytes).
    Removing stm32f0xx_hal_i2c.o(i.HAL_I2C_Master_Receive_IT), (124 bytes).
    Removing stm32f0xx_hal_i2c.o(i.HAL_I2C_Master_Sequential_Receive_IT), (116 bytes).
    Removing stm32f0xx_hal_i2c.o(i.HAL_I2C_Master_Sequential_Transmit_IT), (116 bytes).
    Removing stm32f0xx_hal_i2c.o(i.HAL_I2C_Master_Transmit), (280 bytes).
    Removing stm32f0xx_hal_i2c.o(i.HAL_I2C_Master_Transmit_DMA), (240 bytes).
    Removing stm32f0xx_hal_i2c.o(i.HAL_I2C_Master_Transmit_IT), (124 bytes).
    Removing stm32f0xx_hal_i2c.o(i.HAL_I2C_MemRxCpltCallback), (2 bytes).
    Removing stm32f0xx_hal_i2c.o(i.HAL_I2C_MemTxCpltCallback), (2 bytes).
    Removing stm32f0xx_hal_i2c.o(i.HAL_I2C_Mem_Read), (344 bytes).
    Removing stm32f0xx_hal_i2c.o(i.HAL_I2C_Mem_Read_DMA), (248 bytes).
    Removing stm32f0xx_hal_i2c.o(i.HAL_I2C_Mem_Read_IT), (188 bytes).
    Removing stm32f0xx_hal_i2c.o(i.HAL_I2C_Mem_Write), (340 bytes).
    Removing stm32f0xx_hal_i2c.o(i.HAL_I2C_Mem_Write_DMA), (244 bytes).
    Removing stm32f0xx_hal_i2c.o(i.HAL_I2C_Mem_Write_IT), (184 bytes).
    Removing stm32f0xx_hal_i2c.o(i.HAL_I2C_MspDeInit), (2 bytes).
    Removing stm32f0xx_hal_i2c.o(i.HAL_I2C_MspInit), (2 bytes).
    Removing stm32f0xx_hal_i2c.o(i.HAL_I2C_SlaveRxCpltCallback), (2 bytes).
    Removing stm32f0xx_hal_i2c.o(i.HAL_I2C_SlaveTxCpltCallback), (2 bytes).
    Removing stm32f0xx_hal_i2c.o(i.HAL_I2C_Slave_Receive), (292 bytes).
    Removing stm32f0xx_hal_i2c.o(i.HAL_I2C_Slave_Receive_DMA), (156 bytes).
    Removing stm32f0xx_hal_i2c.o(i.HAL_I2C_Slave_Receive_IT), (88 bytes).
    Removing stm32f0xx_hal_i2c.o(i.HAL_I2C_Slave_Sequential_Receive_IT), (144 bytes).
    Removing stm32f0xx_hal_i2c.o(i.HAL_I2C_Slave_Sequential_Transmit_IT), (144 bytes).
    Removing stm32f0xx_hal_i2c.o(i.HAL_I2C_Slave_Transmit), (300 bytes).
    Removing stm32f0xx_hal_i2c.o(i.HAL_I2C_Slave_Transmit_DMA), (156 bytes).
    Removing stm32f0xx_hal_i2c.o(i.HAL_I2C_Slave_Transmit_IT), (88 bytes).
    Removing stm32f0xx_hal_i2c.o(i.I2C_DMAAbort), (52 bytes).
    Removing stm32f0xx_hal_i2c.o(i.I2C_DMAError), (24 bytes).
    Removing stm32f0xx_hal_i2c.o(i.I2C_DMAMasterReceiveCplt), (68 bytes).
    Removing stm32f0xx_hal_i2c.o(i.I2C_DMAMasterTransmitCplt), (68 bytes).
    Removing stm32f0xx_hal_i2c.o(i.I2C_DMASlaveReceiveCplt), (2 bytes).
    Removing stm32f0xx_hal_i2c.o(i.I2C_DMASlaveTransmitCplt), (2 bytes).
    Removing stm32f0xx_hal_i2c.o(i.I2C_Disable_IRQ), (86 bytes).
    Removing stm32f0xx_hal_i2c.o(i.I2C_Enable_IRQ), (100 bytes).
    Removing stm32f0xx_hal_i2c.o(i.I2C_Flush_TXDR), (34 bytes).
    Removing stm32f0xx_hal_i2c.o(i.I2C_ITAddrCplt), (122 bytes).
    Removing stm32f0xx_hal_i2c.o(i.I2C_ITError), (204 bytes).
    Removing stm32f0xx_hal_i2c.o(i.I2C_ITListenCplt), (96 bytes).
    Removing stm32f0xx_hal_i2c.o(i.I2C_ITMasterCplt), (160 bytes).
    Removing stm32f0xx_hal_i2c.o(i.I2C_ITMasterSequentialCplt), (70 bytes).
    Removing stm32f0xx_hal_i2c.o(i.I2C_ITSlaveCplt), (232 bytes).
    Removing stm32f0xx_hal_i2c.o(i.I2C_ITSlaveSequentialCplt), (74 bytes).
    Removing stm32f0xx_hal_i2c.o(i.I2C_IsAcknowledgeFailed), (116 bytes).
    Removing stm32f0xx_hal_i2c.o(i.I2C_Master_ISR_DMA), (194 bytes).
    Removing stm32f0xx_hal_i2c.o(i.I2C_Master_ISR_IT), (296 bytes).
    Removing stm32f0xx_hal_i2c.o(i.I2C_RequestMemoryRead), (106 bytes).
    Removing stm32f0xx_hal_i2c.o(i.I2C_RequestMemoryWrite), (106 bytes).
    Removing stm32f0xx_hal_i2c.o(i.I2C_Slave_ISR_DMA), (104 bytes).
    Removing stm32f0xx_hal_i2c.o(i.I2C_Slave_ISR_IT), (280 bytes).
    Removing stm32f0xx_hal_i2c.o(i.I2C_TransferConfig), (36 bytes).
    Removing stm32f0xx_hal_i2c.o(i.I2C_WaitOnFlagUntilTimeout), (72 bytes).
    Removing stm32f0xx_hal_i2c.o(i.I2C_WaitOnRXNEFlagUntilTimeout), (120 bytes).
    Removing stm32f0xx_hal_i2c.o(i.I2C_WaitOnSTOPFlagUntilTimeout), (78 bytes).
    Removing stm32f0xx_hal_i2c.o(i.I2C_WaitOnTXISFlagUntilTimeout), (82 bytes).
    Removing stm32f0xx_ll_tim.o(.rev16_text), (4 bytes).
    Removing stm32f0xx_ll_tim.o(.revsh_text), (4 bytes).
    Removing stm32f0xx_ll_tim.o(i.LL_APB1_GRP1_ForceReset), (16 bytes).
    Removing stm32f0xx_ll_tim.o(i.LL_APB1_GRP1_ReleaseReset), (16 bytes).
    Removing stm32f0xx_ll_tim.o(i.LL_APB1_GRP2_ForceReset), (16 bytes).
    Removing stm32f0xx_ll_tim.o(i.LL_APB1_GRP2_ReleaseReset), (16 bytes).
    Removing stm32f0xx_ll_tim.o(i.LL_TIM_BDTR_StructInit), (18 bytes).
    Removing stm32f0xx_ll_tim.o(i.LL_TIM_DeInit), (188 bytes).
    Removing stm32f0xx_ll_tim.o(i.LL_TIM_ENCODER_Init), (96 bytes).
    Removing stm32f0xx_ll_tim.o(i.LL_TIM_ENCODER_StructInit), (28 bytes).
    Removing stm32f0xx_ll_tim.o(i.LL_TIM_HALLSENSOR_Init), (88 bytes).
    Removing stm32f0xx_ll_tim.o(i.LL_TIM_HALLSENSOR_StructInit), (12 bytes).
    Removing stm32f0xx_ll_tim.o(i.LL_TIM_IC_Init), (216 bytes).
    Removing stm32f0xx_ll_tim.o(i.LL_TIM_IC_StructInit), (14 bytes).
    Removing stm32f0xx_ll_tim.o(i.LL_TIM_OC_StructInit), (20 bytes).
    Removing stm32f0xx_ll_tim.o(i.LL_TIM_StructInit), (16 bytes).
    Removing stm32f0xx_hal_pcd.o(.rev16_text), (4 bytes).
    Removing stm32f0xx_hal_pcd.o(.revsh_text), (4 bytes).
    Removing stm32f0xx_hal_pcd.o(i.HAL_PCD_ActivateRemoteWakeup), (26 bytes).
    Removing stm32f0xx_hal_pcd.o(i.HAL_PCD_ConnectCallback), (2 bytes).
    Removing stm32f0xx_hal_pcd.o(i.HAL_PCD_DataInStageCallback), (2 bytes).
    Removing stm32f0xx_hal_pcd.o(i.HAL_PCD_DataOutStageCallback), (2 bytes).
    Removing stm32f0xx_hal_pcd.o(i.HAL_PCD_DeActivateRemoteWakeup), (26 bytes).
    Removing stm32f0xx_hal_pcd.o(i.HAL_PCD_DeInit), (40 bytes).
    Removing stm32f0xx_hal_pcd.o(i.HAL_PCD_DevConnect), (40 bytes).
    Removing stm32f0xx_hal_pcd.o(i.HAL_PCD_DevDisconnect), (38 bytes).
    Removing stm32f0xx_hal_pcd.o(i.HAL_PCD_DisconnectCallback), (2 bytes).
    Removing stm32f0xx_hal_pcd.o(i.HAL_PCD_EP_Flush), (4 bytes).
    Removing stm32f0xx_hal_pcd.o(i.HAL_PCD_GetState), (8 bytes).
    Removing stm32f0xx_hal_pcd.o(i.HAL_PCD_ISOINIncompleteCallback), (2 bytes).
    Removing stm32f0xx_hal_pcd.o(i.HAL_PCD_ISOOUTIncompleteCallback), (2 bytes).
    Removing stm32f0xx_hal_pcd.o(i.HAL_PCD_MspDeInit), (2 bytes).
    Removing stm32f0xx_hal_pcd.o(i.HAL_PCD_MspInit), (2 bytes).
    Removing stm32f0xx_hal_pcd.o(i.HAL_PCD_ResetCallback), (2 bytes).
    Removing stm32f0xx_hal_pcd.o(i.HAL_PCD_ResumeCallback), (2 bytes).
    Removing stm32f0xx_hal_pcd.o(i.HAL_PCD_SOFCallback), (2 bytes).
    Removing stm32f0xx_hal_pcd.o(i.HAL_PCD_SetupStageCallback), (2 bytes).
    Removing stm32f0xx_hal_pcd.o(i.HAL_PCD_Stop), (48 bytes).
    Removing stm32f0xx_hal_pcd.o(i.HAL_PCD_SuspendCallback), (2 bytes).
    Removing stm32f0xx_hal_pwr.o(.rev16_text), (4 bytes).
    Removing stm32f0xx_hal_pwr.o(.revsh_text), (4 bytes).
    Removing stm32f0xx_hal_pwr.o(i.HAL_PWR_DeInit), (24 bytes).
    Removing stm32f0xx_hal_pwr.o(i.HAL_PWR_DisableBkUpAccess), (16 bytes).
    Removing stm32f0xx_hal_pwr.o(i.HAL_PWR_DisableSEVOnPend), (16 bytes).
    Removing stm32f0xx_hal_pwr.o(i.HAL_PWR_DisableSleepOnExit), (16 bytes).
    Removing stm32f0xx_hal_pwr.o(i.HAL_PWR_DisableWakeUpPin), (16 bytes).
    Removing stm32f0xx_hal_pwr.o(i.HAL_PWR_EnableBkUpAccess), (16 bytes).
    Removing stm32f0xx_hal_pwr.o(i.HAL_PWR_EnableSEVOnPend), (16 bytes).
    Removing stm32f0xx_hal_pwr.o(i.HAL_PWR_EnableSleepOnExit), (16 bytes).
    Removing stm32f0xx_hal_pwr.o(i.HAL_PWR_EnableWakeUpPin), (16 bytes).
    Removing stm32f0xx_hal_pwr.o(i.HAL_PWR_EnterSLEEPMode), (32 bytes).
    Removing stm32f0xx_hal_pwr.o(i.HAL_PWR_EnterSTANDBYMode), (32 bytes).
    Removing stm32f0xx_hal_pwr.o(i.HAL_PWR_EnterSTOPMode), (52 bytes).
    Removing stm32f0xx_hal.o(.rev16_text), (4 bytes).
    Removing stm32f0xx_hal.o(.revsh_text), (4 bytes).
    Removing stm32f0xx_hal.o(i.HAL_DBGMCU_DisableDBGStandbyMode), (16 bytes).
    Removing stm32f0xx_hal.o(i.HAL_DBGMCU_DisableDBGStopMode), (16 bytes).
    Removing stm32f0xx_hal.o(i.HAL_DBGMCU_EnableDBGStandbyMode), (16 bytes).
    Removing stm32f0xx_hal.o(i.HAL_DBGMCU_EnableDBGStopMode), (16 bytes).
    Removing stm32f0xx_hal.o(i.HAL_DeInit), (36 bytes).
    Removing stm32f0xx_hal.o(i.HAL_Delay), (28 bytes).
    Removing stm32f0xx_hal.o(i.HAL_GetDEVID), (16 bytes).
    Removing stm32f0xx_hal.o(i.HAL_GetHalVersion), (8 bytes).
    Removing stm32f0xx_hal.o(i.HAL_GetREVID), (12 bytes).
    Removing stm32f0xx_hal.o(i.HAL_GetTick), (12 bytes).
    Removing stm32f0xx_hal.o(i.HAL_GetUIDw0), (12 bytes).
    Removing stm32f0xx_hal.o(i.HAL_GetUIDw1), (12 bytes).
    Removing stm32f0xx_hal.o(i.HAL_GetUIDw2), (12 bytes).
    Removing stm32f0xx_hal.o(i.HAL_MspDeInit), (2 bytes).
    Removing stm32f0xx_hal.o(i.HAL_MspInit), (2 bytes).
    Removing stm32f0xx_hal.o(i.HAL_ResumeTick), (16 bytes).
    Removing stm32f0xx_hal.o(i.HAL_SuspendTick), (16 bytes).
    Removing stm32f0xx_hal_gpio.o(.rev16_text), (4 bytes).
    Removing stm32f0xx_hal_gpio.o(.revsh_text), (4 bytes).
    Removing stm32f0xx_hal_gpio.o(i.HAL_GPIO_DeInit), (228 bytes).
    Removing stm32f0xx_hal_gpio.o(i.HAL_GPIO_EXTI_Callback), (2 bytes).
    Removing stm32f0xx_hal_gpio.o(i.HAL_GPIO_EXTI_IRQHandler), (24 bytes).
    Removing stm32f0xx_hal_gpio.o(i.HAL_GPIO_Init), (344 bytes).
    Removing stm32f0xx_hal_gpio.o(i.HAL_GPIO_LockPin), (36 bytes).
    Removing stm32f0xx_hal_gpio.o(i.HAL_GPIO_ReadPin), (10 bytes).
    Removing stm32f0xx_hal_gpio.o(i.HAL_GPIO_TogglePin), (8 bytes).
    Removing stm32f0xx_hal_gpio.o(i.HAL_GPIO_WritePin), (12 bytes).
    Removing stm32f0xx_hal_dma.o(.rev16_text), (4 bytes).
    Removing stm32f0xx_hal_dma.o(.revsh_text), (4 bytes).
    Removing stm32f0xx_hal_dma.o(i.DMA_CalcBaseAndBitshift), (36 bytes).
    Removing stm32f0xx_hal_dma.o(i.DMA_SetConfig), (40 bytes).
    Removing stm32f0xx_hal_dma.o(i.HAL_DMA_Abort), (44 bytes).
    Removing stm32f0xx_hal_dma.o(i.HAL_DMA_Abort_IT), (72 bytes).
    Removing stm32f0xx_hal_dma.o(i.HAL_DMA_DeInit), (66 bytes).
    Removing stm32f0xx_hal_dma.o(i.HAL_DMA_GetError), (4 bytes).
    Removing stm32f0xx_hal_dma.o(i.HAL_DMA_GetState), (6 bytes).
    Removing stm32f0xx_hal_dma.o(i.HAL_DMA_IRQHandler), (156 bytes).
    Removing stm32f0xx_hal_dma.o(i.HAL_DMA_Init), (88 bytes).
    Removing stm32f0xx_hal_dma.o(i.HAL_DMA_PollForTransfer), (176 bytes).
    Removing stm32f0xx_hal_dma.o(i.HAL_DMA_RegisterCallback), (72 bytes).
    Removing stm32f0xx_hal_dma.o(i.HAL_DMA_Start), (74 bytes).
    Removing stm32f0xx_hal_dma.o(i.HAL_DMA_Start_IT), (106 bytes).
    Removing stm32f0xx_hal_dma.o(i.HAL_DMA_UnRegisterCallback), (78 bytes).
    Removing stm32f0xx_ll_dma.o(.rev16_text), (4 bytes).
    Removing stm32f0xx_ll_dma.o(.revsh_text), (4 bytes).
    Removing stm32f0xx_ll_dma.o(i.LL_DMA_DeInit), (164 bytes).
    Removing stm32f0xx_ll_dma.o(i.LL_DMA_Init), (92 bytes).
    Removing stm32f0xx_ll_dma.o(i.LL_DMA_StructInit), (24 bytes).
    Removing stm32f0xx_ll_dma.o(.constdata), (7 bytes).
    Removing stm32f0xx_ll_utils.o(.rev16_text), (4 bytes).
    Removing stm32f0xx_ll_utils.o(.revsh_text), (4 bytes).
    Removing stm32f0xx_ll_utils.o(i.LL_PLL_ConfigSystemClock_HSE), (100 bytes).
    Removing stm32f0xx_ll_utils.o(i.LL_PLL_ConfigSystemClock_HSI), (84 bytes).
    Removing stm32f0xx_ll_utils.o(i.LL_PLL_ConfigSystemClock_HSI48), (84 bytes).
    Removing stm32f0xx_ll_utils.o(i.LL_RCC_PLL_ConfigDomain_SYS), (36 bytes).
    Removing stm32f0xx_ll_utils.o(i.LL_mDelay), (32 bytes).
    Removing stm32f0xx_ll_utils.o(i.UTILS_EnablePLLAndSwitchSystem), (152 bytes).
    Removing stm32f0xx_ll_utils.o(i.UTILS_GetPLLOutputFrequency), (28 bytes).
    Removing stm32f0xx_ll_utils.o(i.UTILS_PLL_IsBusy), (20 bytes).
    Removing stm32f0xx_ll_utils.o(i.UTILS_SetFlashLatency), (52 bytes).
    Removing stm32f0xx_hal_pcd_ex.o(.rev16_text), (4 bytes).
    Removing stm32f0xx_hal_pcd_ex.o(.revsh_text), (4 bytes).
    Removing stm32f0xx_hal_tim.o(.rev16_text), (4 bytes).
    Removing stm32f0xx_hal_tim.o(.revsh_text), (4 bytes).
    Removing stm32f0xx_hal_flash_ex.o(.rev16_text), (4 bytes).
    Removing stm32f0xx_hal_flash_ex.o(.revsh_text), (4 bytes).
    Removing stm32f0xx_hal_flash_ex.o(i.FLASH_MassErase), (36 bytes).
    Removing stm32f0xx_hal_flash_ex.o(i.FLASH_OB_DisableWRP), (164 bytes).
    Removing stm32f0xx_hal_flash_ex.o(i.FLASH_OB_EnableWRP), (164 bytes).
    Removing stm32f0xx_hal_flash_ex.o(i.FLASH_OB_GetRDP), (32 bytes).
    Removing stm32f0xx_hal_flash_ex.o(i.FLASH_OB_RDP_LevelConfig), (96 bytes).
    Removing stm32f0xx_hal_flash_ex.o(i.FLASH_PageErase), (36 bytes).
    Removing stm32f0xx_hal_flash_ex.o(i.HAL_FLASHEx_Erase), (160 bytes).
    Removing stm32f0xx_hal_flash_ex.o(i.HAL_FLASHEx_Erase_IT), (88 bytes).
    Removing stm32f0xx_hal_flash_ex.o(i.HAL_FLASHEx_OBErase), (80 bytes).
    Removing stm32f0xx_hal_flash_ex.o(i.HAL_FLASHEx_OBGetConfig), (36 bytes).
    Removing stm32f0xx_hal_flash_ex.o(i.HAL_FLASHEx_OBGetUserData), (28 bytes).
    Removing stm32f0xx_hal_flash_ex.o(i.HAL_FLASHEx_OBProgram), (204 bytes).
    Removing usbd_ioreq.o(.rev16_text), (4 bytes).
    Removing usbd_ioreq.o(.revsh_text), (4 bytes).
    Removing usbd_ioreq.o(i.USBD_GetRxCount), (10 bytes).
    Removing usbd_cdc.o(.rev16_text), (4 bytes).
    Removing usbd_cdc.o(.revsh_text), (4 bytes).
    Removing usbd_core.o(.rev16_text), (4 bytes).
    Removing usbd_core.o(.revsh_text), (4 bytes).
    Removing usbd_core.o(i.USBD_DeInit), (42 bytes).
    Removing usbd_core.o(i.USBD_LL_DevConnected), (4 bytes).
    Removing usbd_core.o(i.USBD_LL_DevDisconnected), (26 bytes).
    Removing usbd_core.o(i.USBD_LL_IsoINIncomplete), (4 bytes).
    Removing usbd_core.o(i.USBD_LL_IsoOUTIncomplete), (4 bytes).
    Removing usbd_core.o(i.USBD_RunTestMode), (4 bytes).
    Removing usbd_core.o(i.USBD_Stop), (30 bytes).
    Removing usbd_ctlreq.o(.rev16_text), (4 bytes).
    Removing usbd_ctlreq.o(.revsh_text), (4 bytes).
    Removing system_stm32f0xx.o(.rev16_text), (4 bytes).
    Removing system_stm32f0xx.o(.revsh_text), (4 bytes).
    Removing system_stm32f0xx.o(i.SystemCoreClockUpdate), (112 bytes).
    Removing system_stm32f0xx.o(.constdata), (16 bytes).
    Removing system_stm32f0xx.o(.constdata), (8 bytes).

342 unused section(s) (total 21731 bytes) removed from the image.

==============================================================================

Image Symbol Table

    Local Symbols

    Symbol Name                              Value     Ov Type        Size  Object(Section)

    ../Drivers/STM32F0xx_HAL_Driver/Src/stm32f0xx_hal.c 0x00000000   Number         0  stm32f0xx_hal.o ABSOLUTE
    ../Drivers/STM32F0xx_HAL_Driver/Src/stm32f0xx_hal_cortex.c 0x00000000   Number         0  stm32f0xx_hal_cortex.o ABSOLUTE
    ../Drivers/STM32F0xx_HAL_Driver/Src/stm32f0xx_hal_dma.c 0x00000000   Number         0  stm32f0xx_hal_dma.o ABSOLUTE
    ../Drivers/STM32F0xx_HAL_Driver/Src/stm32f0xx_hal_flash.c 0x00000000   Number         0  stm32f0xx_hal_flash.o ABSOLUTE
    ../Drivers/STM32F0xx_HAL_Driver/Src/stm32f0xx_hal_flash_ex.c 0x00000000   Number         0  stm32f0xx_hal_flash_ex.o ABSOLUTE
    ../Drivers/STM32F0xx_HAL_Driver/Src/stm32f0xx_hal_gpio.c 0x00000000   Number         0  stm32f0xx_hal_gpio.o ABSOLUTE
    ../Drivers/STM32F0xx_HAL_Driver/Src/stm32f0xx_hal_i2c.c 0x00000000   Number         0  stm32f0xx_hal_i2c.o ABSOLUTE
    ../Drivers/STM32F0xx_HAL_Driver/Src/stm32f0xx_hal_i2c_ex.c 0x00000000   Number         0  stm32f0xx_hal_i2c_ex.o ABSOLUTE
    ../Drivers/STM32F0xx_HAL_Driver/Src/stm32f0xx_hal_pcd.c 0x00000000   Number         0  stm32f0xx_hal_pcd.o ABSOLUTE
    ../Drivers/STM32F0xx_HAL_Driver/Src/stm32f0xx_hal_pcd_ex.c 0x00000000   Number         0  stm32f0xx_hal_pcd_ex.o ABSOLUTE
    ../Drivers/STM32F0xx_HAL_Driver/Src/stm32f0xx_hal_pwr.c 0x00000000   Number         0  stm32f0xx_hal_pwr.o ABSOLUTE
    ../Drivers/STM32F0xx_HAL_Driver/Src/stm32f0xx_hal_pwr_ex.c 0x00000000   Number         0  stm32f0xx_hal_pwr_ex.o ABSOLUTE
    ../Drivers/STM32F0xx_HAL_Driver/Src/stm32f0xx_hal_rcc.c 0x00000000   Number         0  stm32f0xx_hal_rcc.o ABSOLUTE
    ../Drivers/STM32F0xx_HAL_Driver/Src/stm32f0xx_hal_rcc_ex.c 0x00000000   Number         0  stm32f0xx_hal_rcc_ex.o ABSOLUTE
    ../Drivers/STM32F0xx_HAL_Driver/Src/stm32f0xx_hal_tim.c 0x00000000   Number         0  stm32f0xx_hal_tim.o ABSOLUTE
    ../Drivers/STM32F0xx_HAL_Driver/Src/stm32f0xx_hal_tim_ex.c 0x00000000   Number         0  stm32f0xx_hal_tim_ex.o ABSOLUTE
    ../Drivers/STM32F0xx_HAL_Driver/Src/stm32f0xx_ll_dma.c 0x00000000   Number         0  stm32f0xx_ll_dma.o ABSOLUTE
    ../Drivers/STM32F0xx_HAL_Driver/Src/stm32f0xx_ll_exti.c 0x00000000   Number         0  stm32f0xx_ll_exti.o ABSOLUTE
    ../Drivers/STM32F0xx_HAL_Driver/Src/stm32f0xx_ll_gpio.c 0x00000000   Number         0  stm32f0xx_ll_gpio.o ABSOLUTE
    ../Drivers/STM32F0xx_HAL_Driver/Src/stm32f0xx_ll_tim.c 0x00000000   Number         0  stm32f0xx_ll_tim.o ABSOLUTE
    ../Drivers/STM32F0xx_HAL_Driver/Src/stm32f0xx_ll_utils.c 0x00000000   Number         0  stm32f0xx_ll_utils.o ABSOLUTE
    ../Middlewares/ST/STM32_USB_Device_Library/Class/CDC/Src/usbd_cdc.c 0x00000000   Number         0  usbd_cdc.o ABSOLUTE
    ../Middlewares/ST/STM32_USB_Device_Library/Core/Src/usbd_core.c 0x00000000   Number         0  usbd_core.o ABSOLUTE
    ../Middlewares/ST/STM32_USB_Device_Library/Core/Src/usbd_ctlreq.c 0x00000000   Number         0  usbd_ctlreq.o ABSOLUTE
    ../Middlewares/ST/STM32_USB_Device_Library/Core/Src/usbd_ioreq.c 0x00000000   Number         0  usbd_ioreq.o ABSOLUTE
    ../Src/main.c                            0x00000000   Number         0  main.o ABSOLUTE
    ../Src/stm32f0xx_hal_msp.c               0x00000000   Number         0  stm32f0xx_hal_msp.o ABSOLUTE
    ../Src/stm32f0xx_it.c                    0x00000000   Number         0  stm32f0xx_it.o ABSOLUTE
    ../Src/system_stm32f0xx.c                0x00000000   Number         0  system_stm32f0xx.o ABSOLUTE
    ../Src/usb_device.c                      0x00000000   Number         0  usb_device.o ABSOLUTE
    ../Src/usbd_cdc_if.c                     0x00000000   Number         0  usbd_cdc_if.o ABSOLUTE
    ../Src/usbd_conf.c                       0x00000000   Number         0  usbd_conf.o ABSOLUTE
    ../Src/usbd_desc.c                       0x00000000   Number         0  usbd_desc.o ABSOLUTE
    ../clib/../cmprslib/zerorunl2.c          0x00000000   Number         0  __dczerorl2.o ABSOLUTE
    ../clib/microlib/ctype/ctype.c           0x00000000   Number         0  islower_o.o ABSOLUTE
    ../clib/microlib/ctype/ctype.c           0x00000000   Number         0  isgraph_o.o ABSOLUTE
    ../clib/microlib/ctype/ctype.c           0x00000000   Number         0  isdigit_o.o ABSOLUTE
    ../clib/microlib/ctype/ctype.c           0x00000000   Number         0  iscntrl_o.o ABSOLUTE
    ../clib/microlib/ctype/ctype.c           0x00000000   Number         0  isblank_o.o ABSOLUTE
    ../clib/microlib/ctype/ctype.c           0x00000000   Number         0  isalpha_o.o ABSOLUTE
    ../clib/microlib/ctype/ctype.c           0x00000000   Number         0  isalnum_o.o ABSOLUTE
    ../clib/microlib/ctype/ctype.c           0x00000000   Number         0  ctype_o.o ABSOLUTE
    ../clib/microlib/ctype/ctype.c           0x00000000   Number         0  isprint_o.o ABSOLUTE
    ../clib/microlib/ctype/ctype.c           0x00000000   Number         0  isxdigit_o.o ABSOLUTE
    ../clib/microlib/ctype/ctype.c           0x00000000   Number         0  isupper_o.o ABSOLUTE
    ../clib/microlib/ctype/ctype.c           0x00000000   Number         0  isspace_o.o ABSOLUTE
    ../clib/microlib/ctype/ctype.c           0x00000000   Number         0  ispunct_o.o ABSOLUTE
    ../clib/microlib/division.c              0x00000000   Number         0  uidiv.o ABSOLUTE
    ../clib/microlib/errno.c                 0x00000000   Number         0  errno.o ABSOLUTE
    ../clib/microlib/init/entry.s            0x00000000   Number         0  entry11b.o ABSOLUTE
    ../clib/microlib/init/entry.s            0x00000000   Number         0  entry9a.o ABSOLUTE
    ../clib/microlib/init/entry.s            0x00000000   Number         0  entry8a.o ABSOLUTE
    ../clib/microlib/init/entry.s            0x00000000   Number         0  entry7a.o ABSOLUTE
    ../clib/microlib/init/entry.s            0x00000000   Number         0  entry2.o ABSOLUTE
    ../clib/microlib/init/entry.s            0x00000000   Number         0  entry7b.o ABSOLUTE
    ../clib/microlib/init/entry.s            0x00000000   Number         0  entry9b.o ABSOLUTE
    ../clib/microlib/init/entry.s            0x00000000   Number         0  entry10b.o ABSOLUTE
    ../clib/microlib/init/entry.s            0x00000000   Number         0  entry10a.o ABSOLUTE
    ../clib/microlib/init/entry.s            0x00000000   Number         0  entry.o ABSOLUTE
    ../clib/microlib/init/entry.s            0x00000000   Number         0  entry5.o ABSOLUTE
    ../clib/microlib/init/entry.s            0x00000000   Number         0  entry11a.o ABSOLUTE
    ../clib/microlib/init/entry.s            0x00000000   Number         0  entry8b.o ABSOLUTE
    ../clib/microlib/longlong.c              0x00000000   Number         0  llushr.o ABSOLUTE
    ../clib/scanf.c                          0x00000000   Number         0  atoi.o ABSOLUTE
    ../clib/scanf.c                          0x00000000   Number         0  _strtoul.o ABSOLUTE
    ../clib/scanf.c                          0x00000000   Number         0  _chval.o ABSOLUTE
    ../clib/scanf.c                          0x00000000   Number         0  strtol.o ABSOLUTE
    ..\Drivers\STM32F0xx_HAL_Driver\Src\stm32f0xx_hal.c 0x00000000   Number         0  stm32f0xx_hal.o ABSOLUTE
    ..\Drivers\STM32F0xx_HAL_Driver\Src\stm32f0xx_hal_cortex.c 0x00000000   Number         0  stm32f0xx_hal_cortex.o ABSOLUTE
    ..\Drivers\STM32F0xx_HAL_Driver\Src\stm32f0xx_hal_dma.c 0x00000000   Number         0  stm32f0xx_hal_dma.o ABSOLUTE
    ..\Drivers\STM32F0xx_HAL_Driver\Src\stm32f0xx_hal_flash.c 0x00000000   Number         0  stm32f0xx_hal_flash.o ABSOLUTE
    ..\Drivers\STM32F0xx_HAL_Driver\Src\stm32f0xx_hal_flash_ex.c 0x00000000   Number         0  stm32f0xx_hal_flash_ex.o ABSOLUTE
    ..\Drivers\STM32F0xx_HAL_Driver\Src\stm32f0xx_hal_gpio.c 0x00000000   Number         0  stm32f0xx_hal_gpio.o ABSOLUTE
    ..\Drivers\STM32F0xx_HAL_Driver\Src\stm32f0xx_hal_i2c.c 0x00000000   Number         0  stm32f0xx_hal_i2c.o ABSOLUTE
    ..\Drivers\STM32F0xx_HAL_Driver\Src\stm32f0xx_hal_i2c_ex.c 0x00000000   Number         0  stm32f0xx_hal_i2c_ex.o ABSOLUTE
    ..\Drivers\STM32F0xx_HAL_Driver\Src\stm32f0xx_hal_pcd.c 0x00000000   Number         0  stm32f0xx_hal_pcd.o ABSOLUTE
    ..\Drivers\STM32F0xx_HAL_Driver\Src\stm32f0xx_hal_pcd_ex.c 0x00000000   Number         0  stm32f0xx_hal_pcd_ex.o ABSOLUTE
    ..\Drivers\STM32F0xx_HAL_Driver\Src\stm32f0xx_hal_pwr.c 0x00000000   Number         0  stm32f0xx_hal_pwr.o ABSOLUTE
    ..\Drivers\STM32F0xx_HAL_Driver\Src\stm32f0xx_hal_pwr_ex.c 0x00000000   Number         0  stm32f0xx_hal_pwr_ex.o ABSOLUTE
    ..\Drivers\STM32F0xx_HAL_Driver\Src\stm32f0xx_hal_rcc.c 0x00000000   Number         0  stm32f0xx_hal_rcc.o ABSOLUTE
    ..\Drivers\STM32F0xx_HAL_Driver\Src\stm32f0xx_hal_rcc_ex.c 0x00000000   Number         0  stm32f0xx_hal_rcc_ex.o ABSOLUTE
    ..\Drivers\STM32F0xx_HAL_Driver\Src\stm32f0xx_hal_tim.c 0x00000000   Number         0  stm32f0xx_hal_tim.o ABSOLUTE
    ..\Drivers\STM32F0xx_HAL_Driver\Src\stm32f0xx_hal_tim_ex.c 0x00000000   Number         0  stm32f0xx_hal_tim_ex.o ABSOLUTE
    ..\Drivers\STM32F0xx_HAL_Driver\Src\stm32f0xx_ll_dma.c 0x00000000   Number         0  stm32f0xx_ll_dma.o ABSOLUTE
    ..\Drivers\STM32F0xx_HAL_Driver\Src\stm32f0xx_ll_exti.c 0x00000000   Number         0  stm32f0xx_ll_exti.o ABSOLUTE
    ..\Drivers\STM32F0xx_HAL_Driver\Src\stm32f0xx_ll_gpio.c 0x00000000   Number         0  stm32f0xx_ll_gpio.o ABSOLUTE
    ..\Drivers\STM32F0xx_HAL_Driver\Src\stm32f0xx_ll_tim.c 0x00000000   Number         0  stm32f0xx_ll_tim.o ABSOLUTE
    ..\Drivers\STM32F0xx_HAL_Driver\Src\stm32f0xx_ll_utils.c 0x00000000   Number         0  stm32f0xx_ll_utils.o ABSOLUTE
    ..\Middlewares\ST\STM32_USB_Device_Library\Class\CDC\Src\usbd_cdc.c 0x00000000   Number         0  usbd_cdc.o ABSOLUTE
    ..\Middlewares\ST\STM32_USB_Device_Library\Core\Src\usbd_core.c 0x00000000   Number         0  usbd_core.o ABSOLUTE
    ..\Middlewares\ST\STM32_USB_Device_Library\Core\Src\usbd_ctlreq.c 0x00000000   Number         0  usbd_ctlreq.o ABSOLUTE
    ..\Middlewares\ST\STM32_USB_Device_Library\Core\Src\usbd_ioreq.c 0x00000000   Number         0  usbd_ioreq.o ABSOLUTE
    ..\Src\main.c                            0x00000000   Number         0  main.o ABSOLUTE
    ..\Src\stm32f0xx_hal_msp.c               0x00000000   Number         0  stm32f0xx_hal_msp.o ABSOLUTE
    ..\Src\stm32f0xx_it.c                    0x00000000   Number         0  stm32f0xx_it.o ABSOLUTE
    ..\Src\system_stm32f0xx.c                0x00000000   Number         0  system_stm32f0xx.o ABSOLUTE
    ..\Src\usb_device.c                      0x00000000   Number         0  usb_device.o ABSOLUTE
    ..\Src\usbd_cdc_if.c                     0x00000000   Number         0  usbd_cdc_if.o ABSOLUTE
    ..\Src\usbd_conf.c                       0x00000000   Number         0  usbd_conf.o ABSOLUTE
    ..\Src\usbd_desc.c                       0x00000000   Number         0  usbd_desc.o ABSOLUTE
    dc.s                                     0x00000000   Number         0  dc.o ABSOLUTE
    handlers.s                               0x00000000   Number         0  handlers.o ABSOLUTE
    init.s                                   0x00000000   Number         0  init.o ABSOLUTE
    startup_stm32f072xb.s                    0x00000000   Number         0  startup_stm32f072xb.o ABSOLUTE
    RESET                                    0x08000000   Section      192  startup_stm32f072xb.o(RESET)
    .ARM.Collect$$$$00000000                 0x080000c0   Section        0  entry.o(.ARM.Collect$$$$00000000)
    .ARM.Collect$$$$00000001                 0x080000c0   Section        4  entry2.o(.ARM.Collect$$$$00000001)
    .ARM.Collect$$$$00000004                 0x080000c4   Section        4  entry5.o(.ARM.Collect$$$$00000004)
    .ARM.Collect$$$$00000008                 0x080000c8   Section        0  entry7b.o(.ARM.Collect$$$$00000008)
    .ARM.Collect$$$$0000000A                 0x080000c8   Section        0  entry8b.o(.ARM.Collect$$$$0000000A)
    .ARM.Collect$$$$0000000B                 0x080000c8   Section        8  entry9a.o(.ARM.Collect$$$$0000000B)
    .ARM.Collect$$$$0000000D                 0x080000d0   Section        0  entry10a.o(.ARM.Collect$$$$0000000D)
    .ARM.Collect$$$$0000000F                 0x080000d0   Section        0  entry11a.o(.ARM.Collect$$$$0000000F)
    .ARM.Collect$$$$00002712                 0x080000d0   Section        4  entry2.o(.ARM.Collect$$$$00002712)
    __lit__00000000                          0x080000d0   Data           4  entry2.o(.ARM.Collect$$$$00002712)
    .text                                    0x080000d4   Section       28  startup_stm32f072xb.o(.text)
    .text                                    0x080000f0   Section        0  uidiv.o(.text)
    .text                                    0x0800011c   Section        0  atoi.o(.text)
    .text                                    0x08000138   Section        0  strtol.o(.text)
    .text                                    0x080001a8   Section       36  init.o(.text)
    .text                                    0x080001cc   Section        0  ctype_o.o(.text)
    .text                                    0x080001d4   Section        0  _strtoul.o(.text)
    .text                                    0x0800027a   Section        0  _chval.o(.text)
    .text                                    0x08000298   Section        0  __dczerorl2.o(.text)
    i.CDC_Control_FS                         0x080002ee   Section        0  usbd_cdc_if.o(i.CDC_Control_FS)
    CDC_Control_FS                           0x080002ef   Thumb Code     4  usbd_cdc_if.o(i.CDC_Control_FS)
    i.CDC_DeInit_FS                          0x080002f2   Section        0  usbd_cdc_if.o(i.CDC_DeInit_FS)
    CDC_DeInit_FS                            0x080002f3   Thumb Code     4  usbd_cdc_if.o(i.CDC_DeInit_FS)
    i.CDC_Init_FS                            0x080002f8   Section        0  usbd_cdc_if.o(i.CDC_Init_FS)
    CDC_Init_FS                              0x080002f9   Thumb Code    24  usbd_cdc_if.o(i.CDC_Init_FS)
    i.CDC_Receive_FS                         0x0800031c   Section        0  usbd_cdc_if.o(i.CDC_Receive_FS)
    CDC_Receive_FS                           0x0800031d   Thumb Code    24  usbd_cdc_if.o(i.CDC_Receive_FS)
    i.CDC_Transmit_FS                        0x0800033c   Section        0  usbd_cdc_if.o(i.CDC_Transmit_FS)
    i.HAL_IncTick                            0x0800036c   Section        0  stm32f0xx_hal.o(i.HAL_IncTick)
    i.HAL_Init                               0x0800037c   Section        0  stm32f0xx_hal.o(i.HAL_Init)
    i.HAL_InitTick                           0x0800039c   Section        0  stm32f0xx_hal.o(i.HAL_InitTick)
    i.HAL_MspInit                            0x080003c0   Section        0  stm32f0xx_hal_msp.o(i.HAL_MspInit)
    i.HAL_NVIC_EnableIRQ                     0x080003f8   Section        0  stm32f0xx_hal_cortex.o(i.HAL_NVIC_EnableIRQ)
    i.HAL_NVIC_SetPriority                   0x0800040c   Section        0  stm32f0xx_hal_cortex.o(i.HAL_NVIC_SetPriority)
    i.HAL_PCDEx_PMAConfig                    0x08000414   Section        0  stm32f0xx_hal_pcd_ex.o(i.HAL_PCDEx_PMAConfig)
    i.HAL_PCD_DataInStageCallback            0x0800044e   Section        0  usbd_conf.o(i.HAL_PCD_DataInStageCallback)
    i.HAL_PCD_DataOutStageCallback           0x08000466   Section        0  usbd_conf.o(i.HAL_PCD_DataOutStageCallback)
    i.HAL_PCD_EP_Close                       0x08000484   Section        0  stm32f0xx_hal_pcd.o(i.HAL_PCD_EP_Close)
    i.HAL_PCD_EP_ClrStall                    0x080005ec   Section        0  stm32f0xx_hal_pcd.o(i.HAL_PCD_EP_ClrStall)
    i.HAL_PCD_EP_GetRxCount                  0x080006a0   Section        0  stm32f0xx_hal_pcd.o(i.HAL_PCD_EP_GetRxCount)
    i.HAL_PCD_EP_Open                        0x080006b4   Section        0  stm32f0xx_hal_pcd.o(i.HAL_PCD_EP_Open)
    i.HAL_PCD_EP_Receive                     0x08000958   Section        0  stm32f0xx_hal_pcd.o(i.HAL_PCD_EP_Receive)
    i.HAL_PCD_EP_SetStall                    0x08000a58   Section        0  stm32f0xx_hal_pcd.o(i.HAL_PCD_EP_SetStall)
    i.HAL_PCD_EP_Transmit                    0x08000aec   Section        0  stm32f0xx_hal_pcd.o(i.HAL_PCD_EP_Transmit)
    i.HAL_PCD_IRQHandler                     0x08000bdc   Section        0  stm32f0xx_hal_pcd.o(i.HAL_PCD_IRQHandler)
    i.HAL_PCD_Init                           0x08000ce8   Section        0  stm32f0xx_hal_pcd.o(i.HAL_PCD_Init)
    i.HAL_PCD_MspInit                        0x08000d84   Section        0  usbd_conf.o(i.HAL_PCD_MspInit)
    i.HAL_PCD_ResetCallback                  0x08000dbc   Section        0  usbd_conf.o(i.HAL_PCD_ResetCallback)
    i.HAL_PCD_ResumeCallback                 0x08000dd4   Section        0  usbd_conf.o(i.HAL_PCD_ResumeCallback)
    i.HAL_PCD_SOFCallback                    0x08000e00   Section        0  usbd_conf.o(i.HAL_PCD_SOFCallback)
    i.HAL_PCD_SetAddress                     0x08000e10   Section        0  stm32f0xx_hal_pcd.o(i.HAL_PCD_SetAddress)
    i.HAL_PCD_SetupStageCallback             0x08000e3c   Section        0  usbd_conf.o(i.HAL_PCD_SetupStageCallback)
    i.HAL_PCD_Start                          0x08000e52   Section        0  stm32f0xx_hal_pcd.o(i.HAL_PCD_Start)
    i.HAL_PCD_SuspendCallback                0x08000e64   Section        0  usbd_conf.o(i.HAL_PCD_SuspendCallback)
    i.HAL_RCC_GetHCLKFreq                    0x08000e8c   Section        0  stm32f0xx_hal_rcc.o(i.HAL_RCC_GetHCLKFreq)
    i.HAL_SYSTICK_Callback                   0x08000e98   Section        0  stm32f0xx_hal_cortex.o(i.HAL_SYSTICK_Callback)
    i.HAL_SYSTICK_Config                     0x08000e9c   Section        0  stm32f0xx_hal_cortex.o(i.HAL_SYSTICK_Config)
    i.HAL_SYSTICK_IRQHandler                 0x08000ecc   Section        0  stm32f0xx_hal_cortex.o(i.HAL_SYSTICK_IRQHandler)
    i.HardFault_Handler                      0x08000ed4   Section        0  stm32f0xx_it.o(i.HardFault_Handler)
    i.LL_AHB1_GRP1_EnableClock               0x08000ed8   Section        0  main.o(i.LL_AHB1_GRP1_EnableClock)
    LL_AHB1_GRP1_EnableClock                 0x08000ed9   Thumb Code    18  main.o(i.LL_AHB1_GRP1_EnableClock)
    i.LL_GPIO_Init                           0x08000ef0   Section        0  stm32f0xx_ll_gpio.o(i.LL_GPIO_Init)
    i.LL_Init1msTick                         0x08000f98   Section        0  stm32f0xx_ll_utils.o(i.LL_Init1msTick)
    i.LL_SetSystemCoreClock                  0x08000fb8   Section        0  stm32f0xx_ll_utils.o(i.LL_SetSystemCoreClock)
    i.LL_TIM_BDTR_Init                       0x08000fc4   Section        0  stm32f0xx_ll_tim.o(i.LL_TIM_BDTR_Init)
    i.LL_TIM_Init                            0x08001010   Section        0  stm32f0xx_ll_tim.o(i.LL_TIM_Init)
    i.LL_TIM_OC_DisableFast                  0x080010a4   Section        0  main.o(i.LL_TIM_OC_DisableFast)
    LL_TIM_OC_DisableFast                    0x080010a5   Thumb Code    82  main.o(i.LL_TIM_OC_DisableFast)
    i.LL_TIM_OC_Init                         0x080010fc   Section        0  stm32f0xx_ll_tim.o(i.LL_TIM_OC_Init)
    i.MX_TIM1_Init                           0x08001140   Section        0  main.o(i.MX_TIM1_Init)
    MX_TIM1_Init                             0x08001141   Thumb Code   358  main.o(i.MX_TIM1_Init)
    i.MX_USB_DEVICE_Init                     0x080012bc   Section        0  usb_device.o(i.MX_USB_DEVICE_Init)
    i.NMI_Handler                            0x080012f0   Section        0  stm32f0xx_it.o(i.NMI_Handler)
    i.NVIC_SetPriority                       0x080012f4   Section        0  main.o(i.NVIC_SetPriority)
    NVIC_SetPriority                         0x080012f5   Thumb Code    60  main.o(i.NVIC_SetPriority)
    i.NVIC_SetPriority                       0x08001338   Section        0  stm32f0xx_hal_cortex.o(i.NVIC_SetPriority)
    NVIC_SetPriority                         0x08001339   Thumb Code    60  stm32f0xx_hal_cortex.o(i.NVIC_SetPriority)
    i.OC1Config                              0x0800137c   Section        0  stm32f0xx_ll_tim.o(i.OC1Config)
    OC1Config                                0x0800137d   Thumb Code   124  stm32f0xx_ll_tim.o(i.OC1Config)
    i.OC2Config                              0x08001408   Section        0  stm32f0xx_ll_tim.o(i.OC2Config)
    OC2Config                                0x08001409   Thumb Code   128  stm32f0xx_ll_tim.o(i.OC2Config)
    i.OC3Config                              0x08001498   Section        0  stm32f0xx_ll_tim.o(i.OC3Config)
    OC3Config                                0x08001499   Thumb Code   134  stm32f0xx_ll_tim.o(i.OC3Config)
    i.OC4Config                              0x08001530   Section        0  stm32f0xx_ll_tim.o(i.OC4Config)
    OC4Config                                0x08001531   Thumb Code    98  stm32f0xx_ll_tim.o(i.OC4Config)
    i.PCD_EP_ISR_Handler                     0x080015a4   Section        0  stm32f0xx_hal_pcd.o(i.PCD_EP_ISR_Handler)
    PCD_EP_ISR_Handler                       0x080015a5   Thumb Code   802  stm32f0xx_hal_pcd.o(i.PCD_EP_ISR_Handler)
    i.PCD_ReadPMA                            0x080018dc   Section        0  stm32f0xx_hal_pcd.o(i.PCD_ReadPMA)
    i.PCD_WritePMA                           0x08001906   Section        0  stm32f0xx_hal_pcd.o(i.PCD_WritePMA)
    i.PendSV_Handler                         0x0800192c   Section        0  stm32f0xx_it.o(i.PendSV_Handler)
    i.Process_USB_Data                       0x08001930   Section        0  main.o(i.Process_USB_Data)
    i.SVC_Handler                            0x08001974   Section        0  stm32f0xx_it.o(i.SVC_Handler)
    i.SysTick_Handler                        0x08001976   Section        0  stm32f0xx_it.o(i.SysTick_Handler)
    i.SystemClock_Config                     0x08001984   Section        0  main.o(i.SystemClock_Config)
    i.SystemInit                             0x08001a3c   Section        0  system_stm32f0xx.o(i.SystemInit)
    i.TIM1_BRK_UP_TRG_COM_IRQHandler         0x08001a98   Section        0  stm32f0xx_it.o(i.TIM1_BRK_UP_TRG_COM_IRQHandler)
    i.USBD_CDC_DataIn                        0x08001a9a   Section        0  usbd_cdc.o(i.USBD_CDC_DataIn)
    USBD_CDC_DataIn                          0x08001a9b   Thumb Code    30  usbd_cdc.o(i.USBD_CDC_DataIn)
    i.USBD_CDC_DataOut                       0x08001ab8   Section        0  usbd_cdc.o(i.USBD_CDC_DataOut)
    USBD_CDC_DataOut                         0x08001ab9   Thumb Code    52  usbd_cdc.o(i.USBD_CDC_DataOut)
    i.USBD_CDC_DeInit                        0x08001aec   Section        0  usbd_cdc.o(i.USBD_CDC_DeInit)
    USBD_CDC_DeInit                          0x08001aed   Thumb Code    60  usbd_cdc.o(i.USBD_CDC_DeInit)
    i.USBD_CDC_EP0_RxReady                   0x08001b28   Section        0  usbd_cdc.o(i.USBD_CDC_EP0_RxReady)
    USBD_CDC_EP0_RxReady                     0x08001b29   Thumb Code    40  usbd_cdc.o(i.USBD_CDC_EP0_RxReady)
    i.USBD_CDC_GetDeviceQualifierDescriptor  0x08001b50   Section        0  usbd_cdc.o(i.USBD_CDC_GetDeviceQualifierDescriptor)
    i.USBD_CDC_GetFSCfgDesc                  0x08001b5c   Section        0  usbd_cdc.o(i.USBD_CDC_GetFSCfgDesc)
    USBD_CDC_GetFSCfgDesc                    0x08001b5d   Thumb Code     8  usbd_cdc.o(i.USBD_CDC_GetFSCfgDesc)
    i.USBD_CDC_GetHSCfgDesc                  0x08001b68   Section        0  usbd_cdc.o(i.USBD_CDC_GetHSCfgDesc)
    USBD_CDC_GetHSCfgDesc                    0x08001b69   Thumb Code     8  usbd_cdc.o(i.USBD_CDC_GetHSCfgDesc)
    i.USBD_CDC_GetOtherSpeedCfgDesc          0x08001b74   Section        0  usbd_cdc.o(i.USBD_CDC_GetOtherSpeedCfgDesc)
    USBD_CDC_GetOtherSpeedCfgDesc            0x08001b75   Thumb Code     8  usbd_cdc.o(i.USBD_CDC_GetOtherSpeedCfgDesc)
    i.USBD_CDC_Init                          0x08001b80   Section        0  usbd_cdc.o(i.USBD_CDC_Init)
    USBD_CDC_Init                            0x08001b81   Thumb Code   138  usbd_cdc.o(i.USBD_CDC_Init)
    i.USBD_CDC_ReceivePacket                 0x08001c0a   Section        0  usbd_cdc.o(i.USBD_CDC_ReceivePacket)
    i.USBD_CDC_RegisterInterface             0x08001c42   Section        0  usbd_cdc.o(i.USBD_CDC_RegisterInterface)
    i.USBD_CDC_SetRxBuffer                   0x08001c56   Section        0  usbd_cdc.o(i.USBD_CDC_SetRxBuffer)
    i.USBD_CDC_SetTxBuffer                   0x08001c6a   Section        0  usbd_cdc.o(i.USBD_CDC_SetTxBuffer)
    i.USBD_CDC_Setup                         0x08001c80   Section        0  usbd_cdc.o(i.USBD_CDC_Setup)
    USBD_CDC_Setup                           0x08001c81   Thumb Code   112  usbd_cdc.o(i.USBD_CDC_Setup)
    i.USBD_CDC_TransmitPacket                0x08001cf4   Section        0  usbd_cdc.o(i.USBD_CDC_TransmitPacket)
    i.USBD_ClrClassConfig                    0x08001d28   Section        0  usbd_core.o(i.USBD_ClrClassConfig)
    i.USBD_CtlContinueRx                     0x08001d38   Section        0  usbd_ioreq.o(i.USBD_CtlContinueRx)
    i.USBD_CtlContinueSendData               0x08001d48   Section        0  usbd_ioreq.o(i.USBD_CtlContinueSendData)
    i.USBD_CtlError                          0x08001d58   Section        0  usbd_ctlreq.o(i.USBD_CtlError)
    i.USBD_CtlPrepareRx                      0x08001d6c   Section        0  usbd_ioreq.o(i.USBD_CtlPrepareRx)
    i.USBD_CtlReceiveStatus                  0x08001d8c   Section        0  usbd_ioreq.o(i.USBD_CtlReceiveStatus)
    i.USBD_CtlSendData                       0x08001da4   Section        0  usbd_ioreq.o(i.USBD_CtlSendData)
    i.USBD_CtlSendStatus                     0x08001dc0   Section        0  usbd_ioreq.o(i.USBD_CtlSendStatus)
    i.USBD_FS_ConfigStrDescriptor            0x08001dd8   Section        0  usbd_desc.o(i.USBD_FS_ConfigStrDescriptor)
    i.USBD_FS_DeviceDescriptor               0x08001df8   Section        0  usbd_desc.o(i.USBD_FS_DeviceDescriptor)
    i.USBD_FS_InterfaceStrDescriptor         0x08001e04   Section        0  usbd_desc.o(i.USBD_FS_InterfaceStrDescriptor)
    i.USBD_FS_LangIDStrDescriptor            0x08001e28   Section        0  usbd_desc.o(i.USBD_FS_LangIDStrDescriptor)
    i.USBD_FS_ManufacturerStrDescriptor      0x08001e34   Section        0  usbd_desc.o(i.USBD_FS_ManufacturerStrDescriptor)
    i.USBD_FS_ProductStrDescriptor           0x08001e5c   Section        0  usbd_desc.o(i.USBD_FS_ProductStrDescriptor)
    i.USBD_FS_SerialStrDescriptor            0x08001e88   Section        0  usbd_desc.o(i.USBD_FS_SerialStrDescriptor)
    i.USBD_GetDescriptor                     0x08001eac   Section        0  usbd_ctlreq.o(i.USBD_GetDescriptor)
    USBD_GetDescriptor                       0x08001ead   Thumb Code   224  usbd_ctlreq.o(i.USBD_GetDescriptor)
    i.USBD_GetString                         0x08001f8c   Section        0  usbd_ctlreq.o(i.USBD_GetString)
    i.USBD_Init                              0x08001fd0   Section        0  usbd_core.o(i.USBD_Init)
    i.USBD_LL_ClearStallEP                   0x08002002   Section        0  usbd_conf.o(i.USBD_LL_ClearStallEP)
    i.USBD_LL_CloseEP                        0x08002028   Section        0  usbd_conf.o(i.USBD_LL_CloseEP)
    i.USBD_LL_DataInStage                    0x0800204e   Section        0  usbd_core.o(i.USBD_LL_DataInStage)
    i.USBD_LL_DataOutStage                   0x08002104   Section        0  usbd_core.o(i.USBD_LL_DataOutStage)
    i.USBD_LL_GetRxDataSize                  0x08002178   Section        0  usbd_conf.o(i.USBD_LL_GetRxDataSize)
    i.USBD_LL_Init                           0x08002188   Section        0  usbd_conf.o(i.USBD_LL_Init)
    i.USBD_LL_IsStallEP                      0x08002228   Section        0  usbd_conf.o(i.USBD_LL_IsStallEP)
    i.USBD_LL_OpenEP                         0x0800224c   Section        0  usbd_conf.o(i.USBD_LL_OpenEP)
    i.USBD_LL_PrepareReceive                 0x08002278   Section        0  usbd_conf.o(i.USBD_LL_PrepareReceive)
    i.USBD_LL_Reset                          0x0800229e   Section        0  usbd_core.o(i.USBD_LL_Reset)
    i.USBD_LL_Resume                         0x080022e4   Section        0  usbd_core.o(i.USBD_LL_Resume)
    i.USBD_LL_SOF                            0x080022f0   Section        0  usbd_core.o(i.USBD_LL_SOF)
    i.USBD_LL_SetSpeed                       0x0800230e   Section        0  usbd_core.o(i.USBD_LL_SetSpeed)
    i.USBD_LL_SetUSBAddress                  0x08002314   Section        0  usbd_conf.o(i.USBD_LL_SetUSBAddress)
    i.USBD_LL_SetupStage                     0x0800233a   Section        0  usbd_core.o(i.USBD_LL_SetupStage)
    i.USBD_LL_StallEP                        0x08002398   Section        0  usbd_conf.o(i.USBD_LL_StallEP)
    i.USBD_LL_Start                          0x080023be   Section        0  usbd_conf.o(i.USBD_LL_Start)
    i.USBD_LL_Suspend                        0x080023e4   Section        0  usbd_core.o(i.USBD_LL_Suspend)
    i.USBD_LL_Transmit                       0x080023f4   Section        0  usbd_conf.o(i.USBD_LL_Transmit)
    i.USBD_ParseSetupRequest                 0x0800241a   Section        0  usbd_ctlreq.o(i.USBD_ParseSetupRequest)
    i.USBD_RegisterClass                     0x08002442   Section        0  usbd_core.o(i.USBD_RegisterClass)
    i.USBD_SetClassConfig                    0x08002458   Section        0  usbd_core.o(i.USBD_SetClassConfig)
    i.USBD_SetConfig                         0x08002474   Section        0  usbd_ctlreq.o(i.USBD_SetConfig)
    USBD_SetConfig                           0x08002475   Thumb Code   108  usbd_ctlreq.o(i.USBD_SetConfig)
    i.USBD_Start                             0x080024e4   Section        0  usbd_core.o(i.USBD_Start)
    i.USBD_StdDevReq                         0x080024ee   Section        0  usbd_ctlreq.o(i.USBD_StdDevReq)
    i.USBD_StdEPReq                          0x080025dc   Section        0  usbd_ctlreq.o(i.USBD_StdEPReq)
    i.USBD_StdItfReq                         0x080026c6   Section        0  usbd_ctlreq.o(i.USBD_StdItfReq)
    i.USBD_static_free                       0x08002700   Section        0  usbd_conf.o(i.USBD_static_free)
    i.USBD_static_malloc                     0x08002704   Section        0  usbd_conf.o(i.USBD_static_malloc)
    i.USB_IRQHandler                         0x0800270c   Section        0  stm32f0xx_it.o(i.USB_IRQHandler)
    i._Error_Handler                         0x0800271c   Section        0  main.o(i._Error_Handler)
    i.__ARM_common_switch8                   0x0800271e   Section        0  stm32f0xx_hal_dma.o(i.__ARM_common_switch8)
    i.__aeabi_errno_addr                     0x08002738   Section        0  errno.o(i.__aeabi_errno_addr)
    i.__scatterload_copy                     0x08002740   Section       14  handlers.o(i.__scatterload_copy)
    i.__scatterload_null                     0x0800274e   Section        2  handlers.o(i.__scatterload_null)
    i.__scatterload_zeroinit                 0x08002750   Section       14  handlers.o(i.__scatterload_zeroinit)
    i.cparabn                                0x0800275e   Section        0  main.o(i.cparabn)
    i.main                                   0x08002778   Section        0  main.o(i.main)
    .constdata                               0x0800279a   Section       14  main.o(.constdata)
    OFFSET_TAB_CCMRx                         0x0800279a   Data           7  main.o(.constdata)
    SHIFT_TAB_OCxx                           0x080027a1   Data           7  main.o(.constdata)
    .constdata                               0x080027a8   Section      129  ctype_o.o(.constdata)
    .constdata                               0x0800282c   Section        4  ctype_o.o(.constdata)
    table                                    0x0800282c   Data           4  ctype_o.o(.constdata)
    .data                                    0x20000000   Section       16  usbd_cdc_if.o(.data)
    .data                                    0x20000010   Section       28  usbd_desc.o(.data)
    .data                                    0x2000002c   Section       22  usbd_desc.o(.data)
    .data                                    0x20000044   Section     4100  main.o(.data)
    .data                                    0x20001048   Section        4  stm32f0xx_hal.o(.data)
    .data                                    0x2000104c   Section      219  usbd_cdc.o(.data)
    ifalt                                    0x2000104c   Data           1  usbd_cdc.o(.data)
    USBD_CDC_DeviceQualifierDesc             0x20001050   Data          10  usbd_cdc.o(.data)
    .data                                    0x20001128   Section       56  usbd_cdc.o(.data)
    .data                                    0x20001160   Section        1  usbd_ctlreq.o(.data)
    cfgidx                                   0x20001160   Data           1  usbd_ctlreq.o(.data)
    .data                                    0x20001164   Section        4  system_stm32f0xx.o(.data)
    .data                                    0x20001168   Section        4  errno.o(.data)
    _errno                                   0x20001168   Data           4  errno.o(.data)
    .bss                                     0x2000116c   Section      512  usbd_desc.o(.bss)
    .bss                                     0x2000136c   Section      512  main.o(.bss)
    .bss                                     0x2000156c   Section      548  usb_device.o(.bss)
    .bss                                     0x20001790   Section     1088  usbd_conf.o(.bss)
    mem                                      0x20001790   Data         544  usbd_conf.o(.bss)
    STACK                                    0x20001bd0   Section     1024  startup_stm32f072xb.o(STACK)

    Global Symbols

    Symbol Name                              Value     Ov Type        Size  Object(Section)

    BuildAttributes$$THM_ISAv3M$S$PE$A:L22$X:L11$S22$IEEE1$IW$USESV6$~STKCKD$USESV7$~SHL$OSPACE$EBA8$MICROLIB$REQ8$PRES8$EABIv2 0x00000000   Number         0  anon$$obj.o ABSOLUTE
    __ARM_use_no_argv                        0x00000000   Number         0  main.o ABSOLUTE
    __cpp_initialize__aeabi_                  - Undefined Weak Reference
    __cxa_finalize                            - Undefined Weak Reference
    _clock_init                               - Undefined Weak Reference
    _microlib_exit                            - Undefined Weak Reference
    __Vectors_Size                           0x000000c0   Number         0  startup_stm32f072xb.o ABSOLUTE
    __Vectors                                0x08000000   Data           4  startup_stm32f072xb.o(RESET)
    __Vectors_End                            0x080000c0   Data           0  startup_stm32f072xb.o(RESET)
    __main                                   0x080000c1   Thumb Code     0  entry.o(.ARM.Collect$$$$00000000)
    _main_stk                                0x080000c1   Thumb Code     0  entry2.o(.ARM.Collect$$$$00000001)
    _main_scatterload                        0x080000c5   Thumb Code     0  entry5.o(.ARM.Collect$$$$00000004)
    __main_after_scatterload                 0x080000c9   Thumb Code     0  entry5.o(.ARM.Collect$$$$00000004)
    _main_clock                              0x080000c9   Thumb Code     0  entry7b.o(.ARM.Collect$$$$00000008)
    _main_cpp_init                           0x080000c9   Thumb Code     0  entry8b.o(.ARM.Collect$$$$0000000A)
    _main_init                               0x080000c9   Thumb Code     0  entry9a.o(.ARM.Collect$$$$0000000B)
    __rt_final_cpp                           0x080000d1   Thumb Code     0  entry10a.o(.ARM.Collect$$$$0000000D)
    __rt_final_exit                          0x080000d1   Thumb Code     0  entry11a.o(.ARM.Collect$$$$0000000F)
    Reset_Handler                            0x080000d5   Thumb Code     8  startup_stm32f072xb.o(.text)
    ADC1_COMP_IRQHandler                     0x080000e7   Thumb Code     0  startup_stm32f072xb.o(.text)
    CEC_CAN_IRQHandler                       0x080000e7   Thumb Code     0  startup_stm32f072xb.o(.text)
    DMA1_Channel1_IRQHandler                 0x080000e7   Thumb Code     0  startup_stm32f072xb.o(.text)
    DMA1_Channel2_3_IRQHandler               0x080000e7   Thumb Code     0  startup_stm32f072xb.o(.text)
    DMA1_Channel4_5_6_7_IRQHandler           0x080000e7   Thumb Code     0  startup_stm32f072xb.o(.text)
    EXTI0_1_IRQHandler                       0x080000e7   Thumb Code     0  startup_stm32f072xb.o(.text)
    EXTI2_3_IRQHandler                       0x080000e7   Thumb Code     0  startup_stm32f072xb.o(.text)
    EXTI4_15_IRQHandler                      0x080000e7   Thumb Code     0  startup_stm32f072xb.o(.text)
    FLASH_IRQHandler                         0x080000e7   Thumb Code     0  startup_stm32f072xb.o(.text)
    I2C1_IRQHandler                          0x080000e7   Thumb Code     0  startup_stm32f072xb.o(.text)
    I2C2_IRQHandler                          0x080000e7   Thumb Code     0  startup_stm32f072xb.o(.text)
    PVD_VDDIO2_IRQHandler                    0x080000e7   Thumb Code     0  startup_stm32f072xb.o(.text)
    RCC_CRS_IRQHandler                       0x080000e7   Thumb Code     0  startup_stm32f072xb.o(.text)
    RTC_IRQHandler                           0x080000e7   Thumb Code     0  startup_stm32f072xb.o(.text)
    SPI1_IRQHandler                          0x080000e7   Thumb Code     0  startup_stm32f072xb.o(.text)
    SPI2_IRQHandler                          0x080000e7   Thumb Code     0  startup_stm32f072xb.o(.text)
    TIM14_IRQHandler                         0x080000e7   Thumb Code     0  startup_stm32f072xb.o(.text)
    TIM15_IRQHandler                         0x080000e7   Thumb Code     0  startup_stm32f072xb.o(.text)
    TIM16_IRQHandler                         0x080000e7   Thumb Code     0  startup_stm32f072xb.o(.text)
    TIM17_IRQHandler                         0x080000e7   Thumb Code     0  startup_stm32f072xb.o(.text)
    TIM1_CC_IRQHandler                       0x080000e7   Thumb Code     0  startup_stm32f072xb.o(.text)
    TIM2_IRQHandler                          0x080000e7   Thumb Code     0  startup_stm32f072xb.o(.text)
    TIM3_IRQHandler                          0x080000e7   Thumb Code     0  startup_stm32f072xb.o(.text)
    TIM6_DAC_IRQHandler                      0x080000e7   Thumb Code     0  startup_stm32f072xb.o(.text)
    TIM7_IRQHandler                          0x080000e7   Thumb Code     0  startup_stm32f072xb.o(.text)
    TSC_IRQHandler                           0x080000e7   Thumb Code     0  startup_stm32f072xb.o(.text)
    USART1_IRQHandler                        0x080000e7   Thumb Code     0  startup_stm32f072xb.o(.text)
    USART2_IRQHandler                        0x080000e7   Thumb Code     0  startup_stm32f072xb.o(.text)
    USART3_4_IRQHandler                      0x080000e7   Thumb Code     0  startup_stm32f072xb.o(.text)
    WWDG_IRQHandler                          0x080000e7   Thumb Code     0  startup_stm32f072xb.o(.text)
    __aeabi_uidiv                            0x080000f1   Thumb Code     0  uidiv.o(.text)
    __aeabi_uidivmod                         0x080000f1   Thumb Code    44  uidiv.o(.text)
    atoi                                     0x0800011d   Thumb Code    26  atoi.o(.text)
    strtol                                   0x08000139   Thumb Code   108  strtol.o(.text)
    __scatterload                            0x080001a9   Thumb Code    28  init.o(.text)
    __scatterload_rt2                        0x080001a9   Thumb Code     0  init.o(.text)
    __rt_ctype_table                         0x080001cd   Thumb Code     4  ctype_o.o(.text)
    _strtoul                                 0x080001d5   Thumb Code   166  _strtoul.o(.text)
    _chval                                   0x0800027b   Thumb Code    30  _chval.o(.text)
    __decompress                             0x08000299   Thumb Code     0  __dczerorl2.o(.text)
    __decompress1                            0x08000299   Thumb Code    86  __dczerorl2.o(.text)
    CDC_Transmit_FS                          0x0800033d   Thumb Code    40  usbd_cdc_if.o(i.CDC_Transmit_FS)
    HAL_IncTick                              0x0800036d   Thumb Code    10  stm32f0xx_hal.o(i.HAL_IncTick)
    HAL_Init                                 0x0800037d   Thumb Code    26  stm32f0xx_hal.o(i.HAL_Init)
    HAL_InitTick                             0x0800039d   Thumb Code    34  stm32f0xx_hal.o(i.HAL_InitTick)
    HAL_MspInit                              0x080003c1   Thumb Code    50  stm32f0xx_hal_msp.o(i.HAL_MspInit)
    HAL_NVIC_EnableIRQ                       0x080003f9   Thumb Code    14  stm32f0xx_hal_cortex.o(i.HAL_NVIC_EnableIRQ)
    HAL_NVIC_SetPriority                     0x0800040d   Thumb Code     8  stm32f0xx_hal_cortex.o(i.HAL_NVIC_SetPriority)
    HAL_PCDEx_PMAConfig                      0x08000415   Thumb Code    58  stm32f0xx_hal_pcd_ex.o(i.HAL_PCDEx_PMAConfig)
    HAL_PCD_DataInStageCallback              0x0800044f   Thumb Code    24  usbd_conf.o(i.HAL_PCD_DataInStageCallback)
    HAL_PCD_DataOutStageCallback             0x08000467   Thumb Code    28  usbd_conf.o(i.HAL_PCD_DataOutStageCallback)
    HAL_PCD_EP_Close                         0x08000485   Thumb Code   346  stm32f0xx_hal_pcd.o(i.HAL_PCD_EP_Close)
    HAL_PCD_EP_ClrStall                      0x080005ed   Thumb Code   166  stm32f0xx_hal_pcd.o(i.HAL_PCD_EP_ClrStall)
    HAL_PCD_EP_GetRxCount                    0x080006a1   Thumb Code    20  stm32f0xx_hal_pcd.o(i.HAL_PCD_EP_GetRxCount)
    HAL_PCD_EP_Open                          0x080006b5   Thumb Code   652  stm32f0xx_hal_pcd.o(i.HAL_PCD_EP_Open)
    HAL_PCD_EP_Receive                       0x08000959   Thumb Code   244  stm32f0xx_hal_pcd.o(i.HAL_PCD_EP_Receive)
    HAL_PCD_EP_SetStall                      0x08000a59   Thumb Code   136  stm32f0xx_hal_pcd.o(i.HAL_PCD_EP_SetStall)
    HAL_PCD_EP_Transmit                      0x08000aed   Thumb Code   222  stm32f0xx_hal_pcd.o(i.HAL_PCD_EP_Transmit)
    HAL_PCD_IRQHandler                       0x08000bdd   Thumb Code   238  stm32f0xx_hal_pcd.o(i.HAL_PCD_IRQHandler)
    HAL_PCD_Init                             0x08000ce9   Thumb Code   154  stm32f0xx_hal_pcd.o(i.HAL_PCD_Init)
    HAL_PCD_MspInit                          0x08000d85   Thumb Code    46  usbd_conf.o(i.HAL_PCD_MspInit)
    HAL_PCD_ResetCallback                    0x08000dbd   Thumb Code    24  usbd_conf.o(i.HAL_PCD_ResetCallback)
    HAL_PCD_ResumeCallback                   0x08000dd5   Thumb Code    38  usbd_conf.o(i.HAL_PCD_ResumeCallback)
    HAL_PCD_SOFCallback                      0x08000e01   Thumb Code    16  usbd_conf.o(i.HAL_PCD_SOFCallback)
    HAL_PCD_SetAddress                       0x08000e11   Thumb Code    44  stm32f0xx_hal_pcd.o(i.HAL_PCD_SetAddress)
    HAL_PCD_SetupStageCallback               0x08000e3d   Thumb Code    22  usbd_conf.o(i.HAL_PCD_SetupStageCallback)
    HAL_PCD_Start                            0x08000e53   Thumb Code    18  stm32f0xx_hal_pcd.o(i.HAL_PCD_Start)
    HAL_PCD_SuspendCallback                  0x08000e65   Thumb Code    34  usbd_conf.o(i.HAL_PCD_SuspendCallback)
    HAL_RCC_GetHCLKFreq                      0x08000e8d   Thumb Code     6  stm32f0xx_hal_rcc.o(i.HAL_RCC_GetHCLKFreq)
    HAL_SYSTICK_Callback                     0x08000e99   Thumb Code     2  stm32f0xx_hal_cortex.o(i.HAL_SYSTICK_Callback)
    HAL_SYSTICK_Config                       0x08000e9d   Thumb Code    38  stm32f0xx_hal_cortex.o(i.HAL_SYSTICK_Config)
    HAL_SYSTICK_IRQHandler                   0x08000ecd   Thumb Code     8  stm32f0xx_hal_cortex.o(i.HAL_SYSTICK_IRQHandler)
    HardFault_Handler                        0x08000ed5   Thumb Code     2  stm32f0xx_it.o(i.HardFault_Handler)
    LL_GPIO_Init                             0x08000ef1   Thumb Code   168  stm32f0xx_ll_gpio.o(i.LL_GPIO_Init)
    LL_Init1msTick                           0x08000f99   Thumb Code    26  stm32f0xx_ll_utils.o(i.LL_Init1msTick)
    LL_SetSystemCoreClock                    0x08000fb9   Thumb Code     6  stm32f0xx_ll_utils.o(i.LL_SetSystemCoreClock)
    LL_TIM_BDTR_Init                         0x08000fc5   Thumb Code    74  stm32f0xx_ll_tim.o(i.LL_TIM_BDTR_Init)
    LL_TIM_Init                              0x08001011   Thumb Code   122  stm32f0xx_ll_tim.o(i.LL_TIM_Init)
    LL_TIM_OC_Init                           0x080010fd   Thumb Code    68  stm32f0xx_ll_tim.o(i.LL_TIM_OC_Init)
    MX_USB_DEVICE_Init                       0x080012bd   Thumb Code    36  usb_device.o(i.MX_USB_DEVICE_Init)
    NMI_Handler                              0x080012f1   Thumb Code     2  stm32f0xx_it.o(i.NMI_Handler)
    PCD_ReadPMA                              0x080018dd   Thumb Code    42  stm32f0xx_hal_pcd.o(i.PCD_ReadPMA)
    PCD_WritePMA                             0x08001907   Thumb Code    38  stm32f0xx_hal_pcd.o(i.PCD_WritePMA)
    PendSV_Handler                           0x0800192d   Thumb Code     2  stm32f0xx_it.o(i.PendSV_Handler)
    Process_USB_Data                         0x08001931   Thumb Code    56  main.o(i.Process_USB_Data)
    SVC_Handler                              0x08001975   Thumb Code     2  stm32f0xx_it.o(i.SVC_Handler)
    SysTick_Handler                          0x08001977   Thumb Code    12  stm32f0xx_it.o(i.SysTick_Handler)
    SystemClock_Config                       0x08001985   Thumb Code   168  main.o(i.SystemClock_Config)
    SystemInit                               0x08001a3d   Thumb Code    76  system_stm32f0xx.o(i.SystemInit)
    TIM1_BRK_UP_TRG_COM_IRQHandler           0x08001a99   Thumb Code     2  stm32f0xx_it.o(i.TIM1_BRK_UP_TRG_COM_IRQHandler)
    USBD_CDC_GetDeviceQualifierDescriptor    0x08001b51   Thumb Code     8  usbd_cdc.o(i.USBD_CDC_GetDeviceQualifierDescriptor)
    USBD_CDC_ReceivePacket                   0x08001c0b   Thumb Code    56  usbd_cdc.o(i.USBD_CDC_ReceivePacket)
    USBD_CDC_RegisterInterface               0x08001c43   Thumb Code    20  usbd_cdc.o(i.USBD_CDC_RegisterInterface)
    USBD_CDC_SetRxBuffer                     0x08001c57   Thumb Code    20  usbd_cdc.o(i.USBD_CDC_SetRxBuffer)
    USBD_CDC_SetTxBuffer                     0x08001c6b   Thumb Code    22  usbd_cdc.o(i.USBD_CDC_SetTxBuffer)
    USBD_CDC_TransmitPacket                  0x08001cf5   Thumb Code    52  usbd_cdc.o(i.USBD_CDC_TransmitPacket)
    USBD_ClrClassConfig                      0x08001d29   Thumb Code    16  usbd_core.o(i.USBD_ClrClassConfig)
    USBD_CtlContinueRx                       0x08001d39   Thumb Code    16  usbd_ioreq.o(i.USBD_CtlContinueRx)
    USBD_CtlContinueSendData                 0x08001d49   Thumb Code    16  usbd_ioreq.o(i.USBD_CtlContinueSendData)
    USBD_CtlError                            0x08001d59   Thumb Code    20  usbd_ctlreq.o(i.USBD_CtlError)
    USBD_CtlPrepareRx                        0x08001d6d   Thumb Code    32  usbd_ioreq.o(i.USBD_CtlPrepareRx)
    USBD_CtlReceiveStatus                    0x08001d8d   Thumb Code    24  usbd_ioreq.o(i.USBD_CtlReceiveStatus)
    USBD_CtlSendData                         0x08001da5   Thumb Code    28  usbd_ioreq.o(i.USBD_CtlSendData)
    USBD_CtlSendStatus                       0x08001dc1   Thumb Code    24  usbd_ioreq.o(i.USBD_CtlSendStatus)
    USBD_FS_ConfigStrDescriptor              0x08001dd9   Thumb Code    16  usbd_desc.o(i.USBD_FS_ConfigStrDescriptor)
    USBD_FS_DeviceDescriptor                 0x08001df9   Thumb Code     8  usbd_desc.o(i.USBD_FS_DeviceDescriptor)
    USBD_FS_InterfaceStrDescriptor           0x08001e05   Thumb Code    16  usbd_desc.o(i.USBD_FS_InterfaceStrDescriptor)
    USBD_FS_LangIDStrDescriptor              0x08001e29   Thumb Code     8  usbd_desc.o(i.USBD_FS_LangIDStrDescriptor)
    USBD_FS_ManufacturerStrDescriptor        0x08001e35   Thumb Code    16  usbd_desc.o(i.USBD_FS_ManufacturerStrDescriptor)
    USBD_FS_ProductStrDescriptor             0x08001e5d   Thumb Code    16  usbd_desc.o(i.USBD_FS_ProductStrDescriptor)
    USBD_FS_SerialStrDescriptor              0x08001e89   Thumb Code    16  usbd_desc.o(i.USBD_FS_SerialStrDescriptor)
    USBD_GetString                           0x08001f8d   Thumb Code    68  usbd_ctlreq.o(i.USBD_GetString)
    USBD_Init                                0x08001fd1   Thumb Code    50  usbd_core.o(i.USBD_Init)
    USBD_LL_ClearStallEP                     0x08002003   Thumb Code    38  usbd_conf.o(i.USBD_LL_ClearStallEP)
    USBD_LL_CloseEP                          0x08002029   Thumb Code    38  usbd_conf.o(i.USBD_LL_CloseEP)
    USBD_LL_DataInStage                      0x0800204f   Thumb Code   182  usbd_core.o(i.USBD_LL_DataInStage)
    USBD_LL_DataOutStage                     0x08002105   Thumb Code   116  usbd_core.o(i.USBD_LL_DataOutStage)
    USBD_LL_GetRxDataSize                    0x08002179   Thumb Code    16  usbd_conf.o(i.USBD_LL_GetRxDataSize)
    USBD_LL_Init                             0x08002189   Thumb Code   128  usbd_conf.o(i.USBD_LL_Init)
    USBD_LL_IsStallEP                        0x08002229   Thumb Code    36  usbd_conf.o(i.USBD_LL_IsStallEP)
    USBD_LL_OpenEP                           0x0800224d   Thumb Code    44  usbd_conf.o(i.USBD_LL_OpenEP)
    USBD_LL_PrepareReceive                   0x08002279   Thumb Code    38  usbd_conf.o(i.USBD_LL_PrepareReceive)
    USBD_LL_Reset                            0x0800229f   Thumb Code    70  usbd_core.o(i.USBD_LL_Reset)
    USBD_LL_Resume                           0x080022e5   Thumb Code    12  usbd_core.o(i.USBD_LL_Resume)
    USBD_LL_SOF                              0x080022f1   Thumb Code    30  usbd_core.o(i.USBD_LL_SOF)
    USBD_LL_SetSpeed                         0x0800230f   Thumb Code     6  usbd_core.o(i.USBD_LL_SetSpeed)
    USBD_LL_SetUSBAddress                    0x08002315   Thumb Code    38  usbd_conf.o(i.USBD_LL_SetUSBAddress)
    USBD_LL_SetupStage                       0x0800233b   Thumb Code    94  usbd_core.o(i.USBD_LL_SetupStage)
    USBD_LL_StallEP                          0x08002399   Thumb Code    38  usbd_conf.o(i.USBD_LL_StallEP)
    USBD_LL_Start                            0x080023bf   Thumb Code    38  usbd_conf.o(i.USBD_LL_Start)
    USBD_LL_Suspend                          0x080023e5   Thumb Code    16  usbd_core.o(i.USBD_LL_Suspend)
    USBD_LL_Transmit                         0x080023f5   Thumb Code    38  usbd_conf.o(i.USBD_LL_Transmit)
    USBD_ParseSetupRequest                   0x0800241b   Thumb Code    40  usbd_ctlreq.o(i.USBD_ParseSetupRequest)
    USBD_RegisterClass                       0x08002443   Thumb Code    22  usbd_core.o(i.USBD_RegisterClass)
    USBD_SetClassConfig                      0x08002459   Thumb Code    28  usbd_core.o(i.USBD_SetClassConfig)
    USBD_Start                               0x080024e5   Thumb Code    10  usbd_core.o(i.USBD_Start)
    USBD_StdDevReq                           0x080024ef   Thumb Code   238  usbd_ctlreq.o(i.USBD_StdDevReq)
    USBD_StdEPReq                            0x080025dd   Thumb Code   234  usbd_ctlreq.o(i.USBD_StdEPReq)
    USBD_StdItfReq                           0x080026c7   Thumb Code    58  usbd_ctlreq.o(i.USBD_StdItfReq)
    USBD_static_free                         0x08002701   Thumb Code     2  usbd_conf.o(i.USBD_static_free)
    USBD_static_malloc                       0x08002705   Thumb Code     4  usbd_conf.o(i.USBD_static_malloc)
    USB_IRQHandler                           0x0800270d   Thumb Code    10  stm32f0xx_it.o(i.USB_IRQHandler)
    _Error_Handler                           0x0800271d   Thumb Code     2  main.o(i._Error_Handler)
    __ARM_common_switch8                     0x0800271f   Thumb Code    26  stm32f0xx_hal_dma.o(i.__ARM_common_switch8)
    __aeabi_errno_addr                       0x08002739   Thumb Code     4  errno.o(i.__aeabi_errno_addr)
    __rt_errno_addr                          0x08002739   Thumb Code     0  errno.o(i.__aeabi_errno_addr)
    __scatterload_copy                       0x08002741   Thumb Code    14  handlers.o(i.__scatterload_copy)
    __scatterload_null                       0x0800274f   Thumb Code     2  handlers.o(i.__scatterload_null)
    __scatterload_zeroinit                   0x08002751   Thumb Code    14  handlers.o(i.__scatterload_zeroinit)
    cparabn                                  0x0800275f   Thumb Code    26  main.o(i.cparabn)
    main                                     0x08002779   Thumb Code    34  main.o(i.main)
    __ctype_table                            0x080027a8   Data         129  ctype_o.o(.constdata)
    Region$$Table$$Base                      0x08002830   Number         0  anon$$obj.o(Region$$Table)
    Region$$Table$$Limit                     0x08002850   Number         0  anon$$obj.o(Region$$Table)
    USBD_Interface_fops_FS                   0x20000000   Data          16  usbd_cdc_if.o(.data)
    FS_Desc                                  0x20000010   Data          28  usbd_desc.o(.data)
    USBD_LangIDDesc                          0x2000002c   Data           4  usbd_desc.o(.data)
    USBD_FS_DeviceDesc                       0x20000030   Data          18  usbd_desc.o(.data)
    servo_deg                                0x20000044   Data           4  main.o(.data)
    transmit_buffer                          0x20000048   Data        2048  main.o(.data)
    receive_buffer                           0x20000848   Data        2048  main.o(.data)
    uwTick                                   0x20001048   Data           4  stm32f0xx_hal.o(.data)
    USBD_CDC_CfgHSDesc                       0x2000105c   Data          67  usbd_cdc.o(.data)
    USBD_CDC_CfgFSDesc                       0x200010a0   Data          67  usbd_cdc.o(.data)
    USBD_CDC_OtherSpeedCfgDesc               0x200010e4   Data          67  usbd_cdc.o(.data)
    USBD_CDC                                 0x20001128   Data          56  usbd_cdc.o(.data)
    SystemCoreClock                          0x20001164   Data           4  system_stm32f0xx.o(.data)
    USBD_StrDesc                             0x2000116c   Data         512  usbd_desc.o(.bss)
    temp_buf                                 0x2000136c   Data         512  main.o(.bss)
    hUsbDeviceFS                             0x2000156c   Data         548  usb_device.o(.bss)
    hpcd_USB_FS                              0x200019b0   Data         544  usbd_conf.o(.bss)
    __initial_sp                             0x20001fd0   Data           0  startup_stm32f072xb.o(STACK)



==============================================================================

Memory Map of the image

  Image Entry point : 0x080000c1

  Load Region LR_IROM1 (Base: 0x08000000, Size: 0x000039bc, Max: 0x00020000, ABSOLUTE, COMPRESSED[0x00002944])

    Execution Region ER_IROM1 (Exec base: 0x08000000, Load base: 0x08000000, Size: 0x00002850, Max: 0x00020000, ABSOLUTE)

    Exec Addr    Load Addr    Size         Type   Attr      Idx    E Section Name        Object

    0x08000000   0x08000000   0x000000c0   Data   RO            3    RESET               startup_stm32f072xb.o
    0x080000c0   0x080000c0   0x00000000   Code   RO         3050  * .ARM.Collect$$$$00000000  mc_p.l(entry.o)
    0x080000c0   0x080000c0   0x00000004   Code   RO         3059    .ARM.Collect$$$$00000001  mc_p.l(entry2.o)
    0x080000c4   0x080000c4   0x00000004   Code   RO         3062    .ARM.Collect$$$$00000004  mc_p.l(entry5.o)
    0x080000c8   0x080000c8   0x00000000   Code   RO         3064    .ARM.Collect$$$$00000008  mc_p.l(entry7b.o)
    0x080000c8   0x080000c8   0x00000000   Code   RO         3066    .ARM.Collect$$$$0000000A  mc_p.l(entry8b.o)
    0x080000c8   0x080000c8   0x00000008   Code   RO         3067    .ARM.Collect$$$$0000000B  mc_p.l(entry9a.o)
    0x080000d0   0x080000d0   0x00000000   Code   RO         3069    .ARM.Collect$$$$0000000D  mc_p.l(entry10a.o)
    0x080000d0   0x080000d0   0x00000000   Code   RO         3071    .ARM.Collect$$$$0000000F  mc_p.l(entry11a.o)
    0x080000d0   0x080000d0   0x00000004   Code   RO         3060    .ARM.Collect$$$$00002712  mc_p.l(entry2.o)
    0x080000d4   0x080000d4   0x0000001c   Code   RO            4    .text               startup_stm32f072xb.o
    0x080000f0   0x080000f0   0x0000002c   Code   RO         3053    .text               mc_p.l(uidiv.o)
    0x0800011c   0x0800011c   0x0000001a   Code   RO         3057    .text               mc_p.l(atoi.o)
    0x08000136   0x08000136   0x00000002   PAD
    0x08000138   0x08000138   0x00000070   Code   RO         3080    .text               mc_p.l(strtol.o)
    0x080001a8   0x080001a8   0x00000024   Code   RO         3082    .text               mc_p.l(init.o)
    0x080001cc   0x080001cc   0x00000008   Code   RO         3084    .text               mc_p.l(ctype_o.o)
    0x080001d4   0x080001d4   0x000000a6   Code   RO         3112    .text               mc_p.l(_strtoul.o)
    0x0800027a   0x0800027a   0x0000001e   Code   RO         3114    .text               mc_p.l(_chval.o)
    0x08000298   0x08000298   0x00000056   Code   RO         3124    .text               mc_p.l(__dczerorl2.o)
    0x080002ee   0x080002ee   0x00000004   Code   RO           12    i.CDC_Control_FS    usbd_cdc_if.o
    0x080002f2   0x080002f2   0x00000004   Code   RO           13    i.CDC_DeInit_FS     usbd_cdc_if.o
    0x080002f6   0x080002f6   0x00000002   PAD
    0x080002f8   0x080002f8   0x00000024   Code   RO           14    i.CDC_Init_FS       usbd_cdc_if.o
    0x0800031c   0x0800031c   0x00000020   Code   RO           15    i.CDC_Receive_FS    usbd_cdc_if.o
    0x0800033c   0x0800033c   0x00000030   Code   RO           16    i.CDC_Transmit_FS   usbd_cdc_if.o
    0x0800036c   0x0800036c   0x00000010   Code   RO         2148    i.HAL_IncTick       stm32f0xx_hal.o
    0x0800037c   0x0800037c   0x00000020   Code   RO         2149    i.HAL_Init          stm32f0xx_hal.o
    0x0800039c   0x0800039c   0x00000022   Code   RO         2150    i.HAL_InitTick      stm32f0xx_hal.o
    0x080003be   0x080003be   0x00000002   PAD
    0x080003c0   0x080003c0   0x00000038   Code   RO          266    i.HAL_MspInit       stm32f0xx_hal_msp.o
    0x080003f8   0x080003f8   0x00000014   Code   RO          800    i.HAL_NVIC_EnableIRQ  stm32f0xx_hal_cortex.o
    0x0800040c   0x0800040c   0x00000008   Code   RO          804    i.HAL_NVIC_SetPriority  stm32f0xx_hal_cortex.o
    0x08000414   0x08000414   0x0000003a   Code   RO         2550    i.HAL_PCDEx_PMAConfig  stm32f0xx_hal_pcd_ex.o
    0x0800044e   0x0800044e   0x00000018   Code   RO          479    i.HAL_PCD_DataInStageCallback  usbd_conf.o
    0x08000466   0x08000466   0x0000001c   Code   RO          480    i.HAL_PCD_DataOutStageCallback  usbd_conf.o
    0x08000482   0x08000482   0x00000002   PAD
    0x08000484   0x08000484   0x00000168   Code   RO         1837    i.HAL_PCD_EP_Close  stm32f0xx_hal_pcd.o
    0x080005ec   0x080005ec   0x000000b4   Code   RO         1838    i.HAL_PCD_EP_ClrStall  stm32f0xx_hal_pcd.o
    0x080006a0   0x080006a0   0x00000014   Code   RO         1840    i.HAL_PCD_EP_GetRxCount  stm32f0xx_hal_pcd.o
    0x080006b4   0x080006b4   0x000002a4   Code   RO         1841    i.HAL_PCD_EP_Open   stm32f0xx_hal_pcd.o
    0x08000958   0x08000958   0x00000100   Code   RO         1842    i.HAL_PCD_EP_Receive  stm32f0xx_hal_pcd.o
    0x08000a58   0x08000a58   0x00000094   Code   RO         1843    i.HAL_PCD_EP_SetStall  stm32f0xx_hal_pcd.o
    0x08000aec   0x08000aec   0x000000f0   Code   RO         1844    i.HAL_PCD_EP_Transmit  stm32f0xx_hal_pcd.o
    0x08000bdc   0x08000bdc   0x0000010c   Code   RO         1846    i.HAL_PCD_IRQHandler  stm32f0xx_hal_pcd.o
    0x08000ce8   0x08000ce8   0x0000009a   Code   RO         1849    i.HAL_PCD_Init      stm32f0xx_hal_pcd.o
    0x08000d82   0x08000d82   0x00000002   PAD
    0x08000d84   0x08000d84   0x00000038   Code   RO          485    i.HAL_PCD_MspInit   usbd_conf.o
    0x08000dbc   0x08000dbc   0x00000018   Code   RO          486    i.HAL_PCD_ResetCallback  usbd_conf.o
    0x08000dd4   0x08000dd4   0x0000002c   Code   RO          487    i.HAL_PCD_ResumeCallback  usbd_conf.o
    0x08000e00   0x08000e00   0x00000010   Code   RO          488    i.HAL_PCD_SOFCallback  usbd_conf.o
    0x08000e10   0x08000e10   0x0000002c   Code   RO         1855    i.HAL_PCD_SetAddress  stm32f0xx_hal_pcd.o
    0x08000e3c   0x08000e3c   0x00000016   Code   RO          489    i.HAL_PCD_SetupStageCallback  usbd_conf.o
    0x08000e52   0x08000e52   0x00000012   Code   RO         1857    i.HAL_PCD_Start     stm32f0xx_hal_pcd.o
    0x08000e64   0x08000e64   0x00000028   Code   RO          490    i.HAL_PCD_SuspendCallback  usbd_conf.o
    0x08000e8c   0x08000e8c   0x0000000c   Code   RO          960    i.HAL_RCC_GetHCLKFreq  stm32f0xx_hal_rcc.o
    0x08000e98   0x08000e98   0x00000002   Code   RO          807    i.HAL_SYSTICK_Callback  stm32f0xx_hal_cortex.o
    0x08000e9a   0x08000e9a   0x00000002   PAD
    0x08000e9c   0x08000e9c   0x00000030   Code   RO          808    i.HAL_SYSTICK_Config  stm32f0xx_hal_cortex.o
    0x08000ecc   0x08000ecc   0x00000008   Code   RO          809    i.HAL_SYSTICK_IRQHandler  stm32f0xx_hal_cortex.o
    0x08000ed4   0x08000ed4   0x00000002   Code   RO          206    i.HardFault_Handler  stm32f0xx_it.o
    0x08000ed6   0x08000ed6   0x00000002   PAD
    0x08000ed8   0x08000ed8   0x00000018   Code   RO          350    i.LL_AHB1_GRP1_EnableClock  main.o
    0x08000ef0   0x08000ef0   0x000000a8   Code   RO          895    i.LL_GPIO_Init      stm32f0xx_ll_gpio.o
    0x08000f98   0x08000f98   0x00000020   Code   RO         2469    i.LL_Init1msTick    stm32f0xx_ll_utils.o
    0x08000fb8   0x08000fb8   0x0000000c   Code   RO         2474    i.LL_SetSystemCoreClock  stm32f0xx_ll_utils.o
    0x08000fc4   0x08000fc4   0x0000004a   Code   RO         1694    i.LL_TIM_BDTR_Init  stm32f0xx_ll_tim.o
    0x0800100e   0x0800100e   0x00000002   PAD
    0x08001010   0x08001010   0x00000094   Code   RO         1703    i.LL_TIM_Init       stm32f0xx_ll_tim.o
    0x080010a4   0x080010a4   0x00000058   Code   RO          351    i.LL_TIM_OC_DisableFast  main.o
    0x080010fc   0x080010fc   0x00000044   Code   RO         1704    i.LL_TIM_OC_Init    stm32f0xx_ll_tim.o
    0x08001140   0x08001140   0x0000017c   Code   RO          352    i.MX_TIM1_Init      main.o
    0x080012bc   0x080012bc   0x00000034   Code   RO          443    i.MX_USB_DEVICE_Init  usb_device.o
    0x080012f0   0x080012f0   0x00000002   Code   RO          207    i.NMI_Handler       stm32f0xx_it.o
    0x080012f2   0x080012f2   0x00000002   PAD
    0x080012f4   0x080012f4   0x00000044   Code   RO          353    i.NVIC_SetPriority  main.o
    0x08001338   0x08001338   0x00000044   Code   RO          810    i.NVIC_SetPriority  stm32f0xx_hal_cortex.o
    0x0800137c   0x0800137c   0x0000008c   Code   RO         1707    i.OC1Config         stm32f0xx_ll_tim.o
    0x08001408   0x08001408   0x00000090   Code   RO         1708    i.OC2Config         stm32f0xx_ll_tim.o
    0x08001498   0x08001498   0x00000098   Code   RO         1709    i.OC3Config         stm32f0xx_ll_tim.o
    0x08001530   0x08001530   0x00000074   Code   RO         1710    i.OC4Config         stm32f0xx_ll_tim.o
    0x080015a4   0x080015a4   0x00000338   Code   RO         1860    i.PCD_EP_ISR_Handler  stm32f0xx_hal_pcd.o
    0x080018dc   0x080018dc   0x0000002a   Code   RO         1861    i.PCD_ReadPMA       stm32f0xx_hal_pcd.o
    0x08001906   0x08001906   0x00000026   Code   RO         1862    i.PCD_WritePMA      stm32f0xx_hal_pcd.o
    0x0800192c   0x0800192c   0x00000002   Code   RO          208    i.PendSV_Handler    stm32f0xx_it.o
    0x0800192e   0x0800192e   0x00000002   PAD
    0x08001930   0x08001930   0x00000044   Code   RO          354    i.Process_USB_Data  main.o
    0x08001974   0x08001974   0x00000002   Code   RO          209    i.SVC_Handler       stm32f0xx_it.o
    0x08001976   0x08001976   0x0000000c   Code   RO          210    i.SysTick_Handler   stm32f0xx_it.o
    0x08001982   0x08001982   0x00000002   PAD
    0x08001984   0x08001984   0x000000b8   Code   RO          355    i.SystemClock_Config  main.o
    0x08001a3c   0x08001a3c   0x0000005c   Code   RO         3019    i.SystemInit        system_stm32f0xx.o
    0x08001a98   0x08001a98   0x00000002   Code   RO          211    i.TIM1_BRK_UP_TRG_COM_IRQHandler  stm32f0xx_it.o
    0x08001a9a   0x08001a9a   0x0000001e   Code   RO         2721    i.USBD_CDC_DataIn   usbd_cdc.o
    0x08001ab8   0x08001ab8   0x00000034   Code   RO         2722    i.USBD_CDC_DataOut  usbd_cdc.o
    0x08001aec   0x08001aec   0x0000003c   Code   RO         2723    i.USBD_CDC_DeInit   usbd_cdc.o
    0x08001b28   0x08001b28   0x00000028   Code   RO         2724    i.USBD_CDC_EP0_RxReady  usbd_cdc.o
    0x08001b50   0x08001b50   0x0000000c   Code   RO         2725    i.USBD_CDC_GetDeviceQualifierDescriptor  usbd_cdc.o
    0x08001b5c   0x08001b5c   0x0000000c   Code   RO         2726    i.USBD_CDC_GetFSCfgDesc  usbd_cdc.o
    0x08001b68   0x08001b68   0x0000000c   Code   RO         2727    i.USBD_CDC_GetHSCfgDesc  usbd_cdc.o
    0x08001b74   0x08001b74   0x0000000c   Code   RO         2728    i.USBD_CDC_GetOtherSpeedCfgDesc  usbd_cdc.o
    0x08001b80   0x08001b80   0x0000008a   Code   RO         2729    i.USBD_CDC_Init     usbd_cdc.o
    0x08001c0a   0x08001c0a   0x00000038   Code   RO         2730    i.USBD_CDC_ReceivePacket  usbd_cdc.o
    0x08001c42   0x08001c42   0x00000014   Code   RO         2731    i.USBD_CDC_RegisterInterface  usbd_cdc.o
    0x08001c56   0x08001c56   0x00000014   Code   RO         2732    i.USBD_CDC_SetRxBuffer  usbd_cdc.o
    0x08001c6a   0x08001c6a   0x00000016   Code   RO         2733    i.USBD_CDC_SetTxBuffer  usbd_cdc.o
    0x08001c80   0x08001c80   0x00000074   Code   RO         2734    i.USBD_CDC_Setup    usbd_cdc.o
    0x08001cf4   0x08001cf4   0x00000034   Code   RO         2735    i.USBD_CDC_TransmitPacket  usbd_cdc.o
    0x08001d28   0x08001d28   0x00000010   Code   RO         2823    i.USBD_ClrClassConfig  usbd_core.o
    0x08001d38   0x08001d38   0x00000010   Code   RO         2665    i.USBD_CtlContinueRx  usbd_ioreq.o
    0x08001d48   0x08001d48   0x00000010   Code   RO         2666    i.USBD_CtlContinueSendData  usbd_ioreq.o
    0x08001d58   0x08001d58   0x00000014   Code   RO         2957    i.USBD_CtlError     usbd_ctlreq.o
    0x08001d6c   0x08001d6c   0x00000020   Code   RO         2667    i.USBD_CtlPrepareRx  usbd_ioreq.o
    0x08001d8c   0x08001d8c   0x00000018   Code   RO         2668    i.USBD_CtlReceiveStatus  usbd_ioreq.o
    0x08001da4   0x08001da4   0x0000001c   Code   RO         2669    i.USBD_CtlSendData  usbd_ioreq.o
    0x08001dc0   0x08001dc0   0x00000018   Code   RO         2670    i.USBD_CtlSendStatus  usbd_ioreq.o
    0x08001dd8   0x08001dd8   0x00000020   Code   RO          286    i.USBD_FS_ConfigStrDescriptor  usbd_desc.o
    0x08001df8   0x08001df8   0x0000000c   Code   RO          287    i.USBD_FS_DeviceDescriptor  usbd_desc.o
    0x08001e04   0x08001e04   0x00000024   Code   RO          288    i.USBD_FS_InterfaceStrDescriptor  usbd_desc.o
    0x08001e28   0x08001e28   0x0000000c   Code   RO          289    i.USBD_FS_LangIDStrDescriptor  usbd_desc.o
    0x08001e34   0x08001e34   0x00000028   Code   RO          290    i.USBD_FS_ManufacturerStrDescriptor  usbd_desc.o
    0x08001e5c   0x08001e5c   0x0000002c   Code   RO          291    i.USBD_FS_ProductStrDescriptor  usbd_desc.o
    0x08001e88   0x08001e88   0x00000024   Code   RO          292    i.USBD_FS_SerialStrDescriptor  usbd_desc.o
    0x08001eac   0x08001eac   0x000000e0   Code   RO         2958    i.USBD_GetDescriptor  usbd_ctlreq.o
    0x08001f8c   0x08001f8c   0x00000044   Code   RO         2959    i.USBD_GetString    usbd_ctlreq.o
    0x08001fd0   0x08001fd0   0x00000032   Code   RO         2825    i.USBD_Init         usbd_core.o
    0x08002002   0x08002002   0x00000026   Code   RO          491    i.USBD_LL_ClearStallEP  usbd_conf.o
    0x08002028   0x08002028   0x00000026   Code   RO          492    i.USBD_LL_CloseEP   usbd_conf.o
    0x0800204e   0x0800204e   0x000000b6   Code   RO         2826    i.USBD_LL_DataInStage  usbd_core.o
    0x08002104   0x08002104   0x00000074   Code   RO         2827    i.USBD_LL_DataOutStage  usbd_core.o
    0x08002178   0x08002178   0x00000010   Code   RO          496    i.USBD_LL_GetRxDataSize  usbd_conf.o
    0x08002188   0x08002188   0x000000a0   Code   RO          497    i.USBD_LL_Init      usbd_conf.o
    0x08002228   0x08002228   0x00000024   Code   RO          498    i.USBD_LL_IsStallEP  usbd_conf.o
    0x0800224c   0x0800224c   0x0000002c   Code   RO          499    i.USBD_LL_OpenEP    usbd_conf.o
    0x08002278   0x08002278   0x00000026   Code   RO          500    i.USBD_LL_PrepareReceive  usbd_conf.o
    0x0800229e   0x0800229e   0x00000046   Code   RO         2832    i.USBD_LL_Reset     usbd_core.o
    0x080022e4   0x080022e4   0x0000000c   Code   RO         2833    i.USBD_LL_Resume    usbd_core.o
    0x080022f0   0x080022f0   0x0000001e   Code   RO         2834    i.USBD_LL_SOF       usbd_core.o
    0x0800230e   0x0800230e   0x00000006   Code   RO         2835    i.USBD_LL_SetSpeed  usbd_core.o
    0x08002314   0x08002314   0x00000026   Code   RO          501    i.USBD_LL_SetUSBAddress  usbd_conf.o
    0x0800233a   0x0800233a   0x0000005e   Code   RO         2836    i.USBD_LL_SetupStage  usbd_core.o
    0x08002398   0x08002398   0x00000026   Code   RO          502    i.USBD_LL_StallEP   usbd_conf.o
    0x080023be   0x080023be   0x00000026   Code   RO          503    i.USBD_LL_Start     usbd_conf.o
    0x080023e4   0x080023e4   0x00000010   Code   RO         2837    i.USBD_LL_Suspend   usbd_core.o
    0x080023f4   0x080023f4   0x00000026   Code   RO          505    i.USBD_LL_Transmit  usbd_conf.o
    0x0800241a   0x0800241a   0x00000028   Code   RO         2960    i.USBD_ParseSetupRequest  usbd_ctlreq.o
    0x08002442   0x08002442   0x00000016   Code   RO         2838    i.USBD_RegisterClass  usbd_core.o
    0x08002458   0x08002458   0x0000001c   Code   RO         2840    i.USBD_SetClassConfig  usbd_core.o
    0x08002474   0x08002474   0x00000070   Code   RO         2961    i.USBD_SetConfig    usbd_ctlreq.o
    0x080024e4   0x080024e4   0x0000000a   Code   RO         2841    i.USBD_Start        usbd_core.o
    0x080024ee   0x080024ee   0x000000ee   Code   RO         2962    i.USBD_StdDevReq    usbd_ctlreq.o
    0x080025dc   0x080025dc   0x000000ea   Code   RO         2963    i.USBD_StdEPReq     usbd_ctlreq.o
    0x080026c6   0x080026c6   0x0000003a   Code   RO         2964    i.USBD_StdItfReq    usbd_ctlreq.o
    0x08002700   0x08002700   0x00000002   Code   RO          506    i.USBD_static_free  usbd_conf.o
    0x08002702   0x08002702   0x00000002   PAD
    0x08002704   0x08002704   0x00000008   Code   RO          507    i.USBD_static_malloc  usbd_conf.o
    0x0800270c   0x0800270c   0x00000010   Code   RO          212    i.USB_IRQHandler    stm32f0xx_it.o
    0x0800271c   0x0800271c   0x00000002   Code   RO          356    i._Error_Handler    main.o
    0x0800271e   0x0800271e   0x0000001a   Code   RO         2425    i.__ARM_common_switch8  stm32f0xx_hal_dma.o
    0x08002738   0x08002738   0x00000008   Code   RO         3073    i.__aeabi_errno_addr  mc_p.l(errno.o)
    0x08002740   0x08002740   0x0000000e   Code   RO         3118    i.__scatterload_copy  mc_p.l(handlers.o)
    0x0800274e   0x0800274e   0x00000002   Code   RO         3119    i.__scatterload_null  mc_p.l(handlers.o)
    0x08002750   0x08002750   0x0000000e   Code   RO         3120    i.__scatterload_zeroinit  mc_p.l(handlers.o)
    0x0800275e   0x0800275e   0x0000001a   Code   RO          357    i.cparabn           main.o
    0x08002778   0x08002778   0x00000022   Code   RO          358    i.main              main.o
    0x0800279a   0x0800279a   0x0000000e   Data   RO          360    .constdata          main.o
    0x080027a8   0x080027a8   0x00000081   Data   RO         3085    .constdata          mc_p.l(ctype_o.o)
    0x08002829   0x08002829   0x00000003   PAD
    0x0800282c   0x0800282c   0x00000004   Data   RO         3086    .constdata          mc_p.l(ctype_o.o)
    0x08002830   0x08002830   0x00000020   Data   RO         3116    Region$$Table       anon$$obj.o


    Execution Region RW_IRAM1 (Exec base: 0x20000000, Load base: 0x08002850, Size: 0x00001fd0, Max: 0x00004000, ABSOLUTE, COMPRESSED[0x000000f4])

    Exec Addr    Load Addr    Size         Type   Attr      Idx    E Section Name        Object

    0x20000000   COMPRESSED   0x00000010   Data   RW           19    .data               usbd_cdc_if.o
    0x20000010   COMPRESSED   0x0000001c   Data   RW          294    .data               usbd_desc.o
    0x2000002c   COMPRESSED   0x00000016   Data   RW          295    .data               usbd_desc.o
    0x20000042   COMPRESSED   0x00000002   PAD
    0x20000044   COMPRESSED   0x00001004   Data   RW          361    .data               main.o
    0x20001048   COMPRESSED   0x00000004   Data   RW         2155    .data               stm32f0xx_hal.o
    0x2000104c   COMPRESSED   0x000000db   Data   RW         2736    .data               usbd_cdc.o
    0x20001127   COMPRESSED   0x00000001   PAD
    0x20001128   COMPRESSED   0x00000038   Data   RW         2737    .data               usbd_cdc.o
    0x20001160   COMPRESSED   0x00000001   Data   RW         2965    .data               usbd_ctlreq.o
    0x20001161   COMPRESSED   0x00000003   PAD
    0x20001164   COMPRESSED   0x00000004   Data   RW         3022    .data               system_stm32f0xx.o
    0x20001168   COMPRESSED   0x00000004   Data   RW         3076    .data               mc_p.l(errno.o)
    0x2000116c        -       0x00000200   Zero   RW          293    .bss                usbd_desc.o
    0x2000136c        -       0x00000200   Zero   RW          359    .bss                main.o
    0x2000156c        -       0x00000224   Zero   RW          444    .bss                usb_device.o
    0x20001790        -       0x00000440   Zero   RW          508    .bss                usbd_conf.o
    0x20001bd0        -       0x00000400   Zero   RW            1    STACK               startup_stm32f072xb.o


==============================================================================

Image component sizes


      Code (inc. data)   RO Data    RW Data    ZI Data      Debug   Object Name

       874         70         14       4100        512      61368   main.o
        28          8        192          0       1024        592   startup_stm32f072xb.o
        82         12          0          4          0       2377   stm32f0xx_hal.o
       154         24          0          0          0       9661   stm32f0xx_hal_cortex.o
        26          0          0          0          0         72   stm32f0xx_hal_dma.o
        56          6          0          0          0        738   stm32f0xx_hal_msp.o
      3268        146          0          0          0      13081   stm32f0xx_hal_pcd.o
        58          0          0          0          0       1162   stm32f0xx_hal_pcd_ex.o
        12          6          0          0          0        958   stm32f0xx_hal_rcc.o
        38          6          0          0          0       2717   stm32f0xx_it.o
       168          0          0          0          0       6631   stm32f0xx_ll_gpio.o
       842         94          0          0          0      34674   stm32f0xx_ll_tim.o
        44         12          0          0          0       5197   stm32f0xx_ll_utils.o
        92         16          0          4          0       1023   system_stm32f0xx.o
        52         16          0          0        548        616   usb_device.o
       654         20          0        275          0      11970   usbd_cdc.o
       124         28          0         16          0     434618   usbd_cdc_if.o
       786         58          0          0       1088      11930   usbd_conf.o
       652          0          0          0          0       8692   usbd_core.o
       994         34          0          1          0       7444   usbd_ctlreq.o
       212        116          0         50        512       4551   usbd_desc.o
       140          0          0          0          0       4064   usbd_ioreq.o

    ----------------------------------------------------------------------
      9378        672        238       4456       3684     624136   Object Totals
         0          0         32          0          0          0   (incl. Generated)
        22          0          0          6          0          0   (incl. Padding)

    ----------------------------------------------------------------------

      Code (inc. data)   RO Data    RW Data    ZI Data      Debug   Library Member Name

        86          0          0          0          0          0   __dczerorl2.o
        30          0          0          0          0         60   _chval.o
       166          0          0          0          0         84   _strtoul.o
        26          0          0          0          0         72   atoi.o
         8          4        133          0          0         60   ctype_o.o
         0          0          0          0          0          0   entry.o
         0          0          0          0          0          0   entry10a.o
         0          0          0          0          0          0   entry11a.o
         8          4          0          0          0          0   entry2.o
         4          0          0          0          0          0   entry5.o
         0          0          0          0          0          0   entry7b.o
         0          0          0          0          0          0   entry8b.o
         8          4          0          0          0          0   entry9a.o
         8          4          0          4          0         60   errno.o
        30          0          0          0          0          0   handlers.o
        36          8          0          0          0         68   init.o
       112          4          0          0          0         76   strtol.o
        44          0          0          0          0         72   uidiv.o

    ----------------------------------------------------------------------
       568         28        136          4          0        552   Library Totals
         2          0          3          0          0          0   (incl. Padding)

    ----------------------------------------------------------------------

      Code (inc. data)   RO Data    RW Data    ZI Data      Debug   Library Name

       566         28        133          4          0        552   mc_p.l

    ----------------------------------------------------------------------
       568         28        136          4          0        552   Library Totals

    ----------------------------------------------------------------------

==============================================================================


      Code (inc. data)   RO Data    RW Data    ZI Data      Debug   

      9946        700        374       4460       3684     619148   Grand Totals
      9946        700        374        244       3684     619148   ELF Image Totals (compressed)
      9946        700        374        244          0          0   ROM Totals

==============================================================================

    Total RO  Size (Code + RO Data)                10320 (  10.08kB)
    Total RW  Size (RW Data + ZI Data)              8144 (   7.95kB)
    Total ROM Size (Code + RO Data + RW Data)      10564 (  10.32kB)

==============================================================================

